<?xml version="1.0" encoding="ISO-8859-1" ?>
<link_info>
   <banner>TI ARM Linker PC v18.1.2.LTS</banner>
   <copyright>Copyright (c) 1996-2017 Texas Instruments Incorporated</copyright>
   <link_time>0x5cd8c437</link_time>
   <link_errors>0x0</link_errors>
   <output_file>MSP432_DMA_MULTI6.out</output_file>
   <entry_point>
      <name>_c_int00_noargs</name>
      <address>0x25ed</address>
   </entry_point>
   <input_file_list>
      <input_file id="fl-2">
         <path>.\</path>
         <kind>object</kind>
         <file>ADC_DMA_8_CANALES.obj</file>
         <name>ADC_DMA_8_CANALES.obj</name>
      </input_file>
      <input_file id="fl-3">
         <path>.\</path>
         <kind>object</kind>
         <file>system_msp432p401r.obj</file>
         <name>system_msp432p401r.obj</name>
      </input_file>
      <input_file id="fl-4">
         <path>.\LcdDriver\</path>
         <kind>object</kind>
         <file>Crystalfontz128x128_ST7735.obj</file>
         <name>Crystalfontz128x128_ST7735.obj</name>
      </input_file>
      <input_file id="fl-5">
         <path>.\LcdDriver\</path>
         <kind>object</kind>
         <file>HAL_MSP_EXP432P401R_Crystalfontz128x128_ST7735.obj</file>
         <name>HAL_MSP_EXP432P401R_Crystalfontz128x128_ST7735.obj</name>
      </input_file>
      <input_file id="fl-6">
         <path>.\ccs\</path>
         <kind>object</kind>
         <file>startup_msp432p401r_ccs.obj</file>
         <name>startup_msp432p401r_ccs.obj</name>
      </input_file>
      <input_file id="fl-12">
         <kind>object</kind>
         <file>&lt;internal&gt;</file>
         <name>&lt;internal&gt;</name>
      </input_file>
      <input_file id="fl-13">
         <path>C:\ti\simplelink_msp432p4_sdk_2_20_00_12\source\ti\devices\msp432p4xx\driverlib\ccs\</path>
         <kind>archive</kind>
         <file>msp432p4xx_driverlib.lib</file>
         <name>gpio.o</name>
      </input_file>
      <input_file id="fl-14">
         <path>C:\ti\simplelink_msp432p4_sdk_2_20_00_12\source\ti\devices\msp432p4xx\driverlib\ccs\</path>
         <kind>archive</kind>
         <file>msp432p4xx_driverlib.lib</file>
         <name>interrupt.o</name>
      </input_file>
      <input_file id="fl-15">
         <path>C:\ti\simplelink_msp432p4_sdk_2_20_00_12\source\ti\devices\msp432p4xx\driverlib\ccs\</path>
         <kind>archive</kind>
         <file>msp432p4xx_driverlib.lib</file>
         <name>spi.o</name>
      </input_file>
      <input_file id="fl-16">
         <path>C:\ti\simplelink_msp432p4_sdk_2_20_00_12\source\ti\devices\msp432p4xx\driverlib\ccs\</path>
         <kind>archive</kind>
         <file>msp432p4xx_driverlib.lib</file>
         <name>cpu.o</name>
      </input_file>
      <input_file id="fl-cc">
         <path>C:\ti\ccsv8\tools\compiler\ti-cgt-arm_18.1.2.LTS\lib\</path>
         <kind>archive</kind>
         <file>rtsv7M4_T_le_v4SPD16_eabi.lib</file>
         <name>copy_zero_init.c.obj</name>
      </input_file>
      <input_file id="fl-cd">
         <path>C:\ti\ccsv8\tools\compiler\ti-cgt-arm_18.1.2.LTS\lib\</path>
         <kind>archive</kind>
         <file>rtsv7M4_T_le_v4SPD16_eabi.lib</file>
         <name>copy_decompress_none.c.obj</name>
      </input_file>
      <input_file id="fl-ce">
         <path>C:\ti\ccsv8\tools\compiler\ti-cgt-arm_18.1.2.LTS\lib\</path>
         <kind>archive</kind>
         <file>rtsv7M4_T_le_v4SPD16_eabi.lib</file>
         <name>copy_decompress_lzss.c.obj</name>
      </input_file>
      <input_file id="fl-cf">
         <path>C:\ti\ccsv8\tools\compiler\ti-cgt-arm_18.1.2.LTS\lib\</path>
         <kind>archive</kind>
         <file>rtsv7M4_T_le_v4SPD16_eabi.lib</file>
         <name>boot_cortex_m.c.obj</name>
      </input_file>
      <input_file id="fl-d0">
         <path>C:\ti\ccsv8\tools\compiler\ti-cgt-arm_18.1.2.LTS\lib\</path>
         <kind>archive</kind>
         <file>rtsv7M4_T_le_v4SPD16_eabi.lib</file>
         <name>exit.c.obj</name>
      </input_file>
      <input_file id="fl-d1">
         <path>C:\ti\ccsv8\tools\compiler\ti-cgt-arm_18.1.2.LTS\lib\</path>
         <kind>archive</kind>
         <file>rtsv7M4_T_le_v4SPD16_eabi.lib</file>
         <name>_lock.c.obj</name>
      </input_file>
      <input_file id="fl-d2">
         <path>C:\ti\ccsv8\tools\compiler\ti-cgt-arm_18.1.2.LTS\lib\</path>
         <kind>archive</kind>
         <file>rtsv7M4_T_le_v4SPD16_eabi.lib</file>
         <name>args_main.c.obj</name>
      </input_file>
      <input_file id="fl-d3">
         <path>C:\ti\ccsv8\tools\compiler\ti-cgt-arm_18.1.2.LTS\lib\</path>
         <kind>archive</kind>
         <file>rtsv7M4_T_le_v4SPD16_eabi.lib</file>
         <name>memset_t2.asm.obj</name>
      </input_file>
      <input_file id="fl-d4">
         <path>C:\ti\ccsv8\tools\compiler\ti-cgt-arm_18.1.2.LTS\lib\</path>
         <kind>archive</kind>
         <file>rtsv7M4_T_le_v4SPD16_eabi.lib</file>
         <name>memcpy_t2.asm.obj</name>
      </input_file>
      <input_file id="fl-d5">
         <path>C:\ti\ccsv8\tools\compiler\ti-cgt-arm_18.1.2.LTS\lib\</path>
         <kind>archive</kind>
         <file>rtsv7M4_T_le_v4SPD16_eabi.lib</file>
         <name>autoinit.c.obj</name>
      </input_file>
      <input_file id="fl-d6">
         <path>C:\ti\ccsv8\tools\compiler\ti-cgt-arm_18.1.2.LTS\lib\</path>
         <kind>archive</kind>
         <file>rtsv7M4_T_le_v4SPD16_eabi.lib</file>
         <name>pre_init.c.obj</name>
      </input_file>
      <input_file id="fl-d7">
         <path>C:\ti\ccsv8\tools\compiler\ti-cgt-arm_18.1.2.LTS\lib\</path>
         <kind>archive</kind>
         <file>rtsv7M4_T_le_v4SPD16_eabi.lib</file>
         <name>cpy_tbl.c.obj</name>
      </input_file>
   </input_file_list>
   <object_component_list>
      <object_component id="oc-23">
         <name>.intvecs:retain</name>
         <load_address>0x0</load_address>
         <run_address>0x0</run_address>
         <size>0xe4</size>
         <input_file_ref idref="fl-6"/>
      </object_component>
      <object_component id="oc-9c">
         <name>.text:main</name>
         <load_address>0x2100</load_address>
         <run_address>0x2100</run_address>
         <size>0x358</size>
         <input_file_ref idref="fl-2"/>
      </object_component>
      <object_component id="oc-90">
         <name>.text</name>
         <load_address>0x2458</load_address>
         <run_address>0x2458</run_address>
         <size>0x7a</size>
         <input_file_ref idref="fl-d3"/>
      </object_component>
      <object_component id="oc-6a">
         <name>.text:Default_Handler</name>
         <load_address>0x24d2</load_address>
         <run_address>0x24d2</run_address>
         <size>0x2</size>
         <input_file_ref idref="fl-6"/>
      </object_component>
      <object_component id="oc-ae">
         <name>.text:SystemInit</name>
         <load_address>0x24d4</load_address>
         <run_address>0x24d4</run_address>
         <size>0x78</size>
         <input_file_ref idref="fl-3"/>
      </object_component>
      <object_component id="oc-70">
         <name>.text:PORT1_IRQHandler</name>
         <load_address>0x254c</load_address>
         <run_address>0x254c</run_address>
         <size>0x5c</size>
         <input_file_ref idref="fl-2"/>
      </object_component>
      <object_component id="oc-f6">
         <name>.text:__TI_auto_init_nobinit_nopinit:__TI_auto_init_nobinit_nopinit</name>
         <load_address>0x25a8</load_address>
         <run_address>0x25a8</run_address>
         <size>0x44</size>
         <input_file_ref idref="fl-d5"/>
      </object_component>
      <object_component id="oc-52">
         <name>.text:_c_int00_noargs:_c_int00_noargs</name>
         <load_address>0x25ec</load_address>
         <run_address>0x25ec</run_address>
         <size>0x38</size>
         <input_file_ref idref="fl-cf"/>
      </object_component>
      <object_component id="oc-64">
         <name>.text:Reset_Handler</name>
         <load_address>0x2624</load_address>
         <run_address>0x2624</run_address>
         <size>0xc</size>
         <input_file_ref idref="fl-6"/>
      </object_component>
      <object_component id="oc-46">
         <name>.text:decompress:ZI:__TI_zero_init</name>
         <load_address>0x2630</load_address>
         <run_address>0x2630</run_address>
         <size>0xc</size>
         <input_file_ref idref="fl-cc"/>
      </object_component>
      <object_component id="oc-96">
         <name>.text:_system_pre_init</name>
         <load_address>0x263c</load_address>
         <run_address>0x263c</run_address>
         <size>0x4</size>
         <input_file_ref idref="fl-d6"/>
      </object_component>
      <object_component id="oc-ea">
         <name>.text:abort:abort</name>
         <load_address>0x2640</load_address>
         <run_address>0x2640</run_address>
         <size>0x4</size>
         <input_file_ref idref="fl-d0"/>
      </object_component>
      <object_component id="oc-dd">
         <name>.const:AdcDmaSeq_01</name>
         <load_address>0xe4</load_address>
         <run_address>0xe4</run_address>
         <size>0x1000</size>
         <input_file_ref idref="fl-2"/>
      </object_component>
      <object_component id="oc-d9">
         <name>.const:AdcDmaSeq_02</name>
         <load_address>0x10e4</load_address>
         <run_address>0x10e4</run_address>
         <size>0x1000</size>
         <input_file_ref idref="fl-2"/>
      </object_component>
      <object_component id="oc-e1">
         <name>.const:pwmConfig</name>
         <load_address>0x20e4</load_address>
         <run_address>0x20e4</run_address>
         <size>0x18</size>
         <input_file_ref idref="fl-2"/>
      </object_component>
      <object_component id="oc-14c">
         <name>.const</name>
         <load_address>0x20fc</load_address>
         <run_address>0x20fc</run_address>
         <size>0x2</size>
         <input_file_ref idref="fl-2"/>
      </object_component>
      <object_component id="oc-1dc">
         <name>.cinit..bss.load</name>
         <load_address>0x2648</load_address>
         <run_address>0x2648</run_address>
         <size>0x8</size>
      </object_component>
      <object_component id="oc-1da">
         <name>__TI_handler_table</name>
         <load_address>0x2650</load_address>
         <run_address>0x2650</run_address>
         <size>0x4</size>
      </object_component>
      <object_component id="oc-1db">
         <name>__TI_cinit_table</name>
         <load_address>0x2654</load_address>
         <run_address>0x2654</run_address>
         <size>0x8</size>
      </object_component>
      <object_component id="oc-1af">
         <name>.binit</name>
         <load_address>0x0</load_address>
         <run_address>0x0</run_address>
         <size>0x0</size>
      </object_component>
      <object_component id="oc-d6">
         <name>.bss:MSP_EXP432P401RLP_DMAControlTable</name>
         <uninitialized>true</uninitialized>
         <run_address>0x20004000</run_address>
         <size>0x100</size>
         <input_file_ref idref="fl-2"/>
      </object_component>
      <object_component id="oc-151">
         <name>.common:dataSet_01</name>
         <uninitialized>true</uninitialized>
         <run_address>0x20000000</run_address>
         <size>0x1fc0</size>
      </object_component>
      <object_component id="oc-14b">
         <name>.common:dataSet_02</name>
         <uninitialized>true</uninitialized>
         <run_address>0x20001fc0</run_address>
         <size>0x1fc0</size>
      </object_component>
      <object_component id="oc-b6">
         <name>.common:dataSet0Ready</name>
         <uninitialized>true</uninitialized>
         <run_address>0x20003fa0</run_address>
         <size>0x1</size>
      </object_component>
      <object_component id="oc-e0">
         <name>.common:pingTask</name>
         <uninitialized>true</uninitialized>
         <run_address>0x20003f80</run_address>
         <size>0x10</size>
      </object_component>
      <object_component id="oc-dc">
         <name>.common:pongTask</name>
         <uninitialized>true</uninitialized>
         <run_address>0x20003f90</run_address>
         <size>0x10</size>
      </object_component>
      <object_component id="oc-26">
         <name>.stack</name>
         <uninitialized>true</uninitialized>
         <run_address>0x2000fe00</run_address>
         <size>0x4</size>
         <input_file_ref idref="fl-cf"/>
      </object_component>
      <object_component id="oc-1dd">
         <name>.stack</name>
         <uninitialized>true</uninitialized>
         <run_address>0x2000fe00</run_address>
         <size>0x0</size>
      </object_component>
      <object_component id="oc-b7">
         <name>.debug_info</name>
         <load_address>0x0</load_address>
         <run_address>0x0</run_address>
         <size>0x6fd</size>
         <input_file_ref idref="fl-2"/>
      </object_component>
      <object_component id="oc-14d">
         <name>.debug_info</name>
         <load_address>0x6fd</load_address>
         <run_address>0x6fd</run_address>
         <size>0x111</size>
         <input_file_ref idref="fl-2"/>
      </object_component>
      <object_component id="oc-d7">
         <name>.debug_info</name>
         <load_address>0x80e</load_address>
         <run_address>0x80e</run_address>
         <size>0x111</size>
         <input_file_ref idref="fl-2"/>
      </object_component>
      <object_component id="oc-de">
         <name>.debug_info</name>
         <load_address>0x91f</load_address>
         <run_address>0x91f</run_address>
         <size>0xe8</size>
         <input_file_ref idref="fl-2"/>
      </object_component>
      <object_component id="oc-da">
         <name>.debug_info</name>
         <load_address>0xa07</load_address>
         <run_address>0xa07</run_address>
         <size>0xe9</size>
         <input_file_ref idref="fl-2"/>
      </object_component>
      <object_component id="oc-e2">
         <name>.debug_info</name>
         <load_address>0xaf0</load_address>
         <run_address>0xaf0</run_address>
         <size>0xe2</size>
         <input_file_ref idref="fl-2"/>
      </object_component>
      <object_component id="oc-9d">
         <name>.debug_info</name>
         <load_address>0xbd2</load_address>
         <run_address>0xbd2</run_address>
         <size>0x271</size>
         <input_file_ref idref="fl-2"/>
      </object_component>
      <object_component id="oc-71">
         <name>.debug_info</name>
         <load_address>0xe43</load_address>
         <run_address>0xe43</run_address>
         <size>0x166</size>
         <input_file_ref idref="fl-2"/>
      </object_component>
      <object_component id="oc-130">
         <name>.debug_info</name>
         <load_address>0xfa9</load_address>
         <run_address>0xfa9</run_address>
         <size>0x1ea6</size>
         <input_file_ref idref="fl-2"/>
      </object_component>
      <object_component id="oc-12b">
         <name>.debug_info</name>
         <load_address>0x2e4f</load_address>
         <run_address>0x2e4f</run_address>
         <size>0x37e2</size>
         <input_file_ref idref="fl-2"/>
      </object_component>
      <object_component id="oc-c1">
         <name>.debug_info</name>
         <load_address>0x6631</load_address>
         <run_address>0x6631</run_address>
         <size>0x26b</size>
         <input_file_ref idref="fl-2"/>
      </object_component>
      <object_component id="oc-135">
         <name>.debug_info</name>
         <load_address>0x689c</load_address>
         <run_address>0x689c</run_address>
         <size>0x1055</size>
         <input_file_ref idref="fl-2"/>
      </object_component>
      <object_component id="oc-13a">
         <name>.debug_info</name>
         <load_address>0x78f1</load_address>
         <run_address>0x78f1</run_address>
         <size>0x8a</size>
         <input_file_ref idref="fl-2"/>
      </object_component>
      <object_component id="oc-13f">
         <name>.debug_info</name>
         <load_address>0x797b</load_address>
         <run_address>0x797b</run_address>
         <size>0x341</size>
         <input_file_ref idref="fl-2"/>
      </object_component>
      <object_component id="oc-e5">
         <name>.debug_info</name>
         <load_address>0x7cbc</load_address>
         <run_address>0x7cbc</run_address>
         <size>0x8b</size>
         <input_file_ref idref="fl-2"/>
      </object_component>
      <object_component id="oc-144">
         <name>.debug_info</name>
         <load_address>0x7d47</load_address>
         <run_address>0x7d47</run_address>
         <size>0x297</size>
         <input_file_ref idref="fl-2"/>
      </object_component>
      <object_component id="oc-176">
         <name>.debug_info</name>
         <load_address>0x7fde</load_address>
         <run_address>0x7fde</run_address>
         <size>0xef</size>
         <input_file_ref idref="fl-2"/>
      </object_component>
      <object_component id="oc-ba">
         <name>.debug_info</name>
         <load_address>0x80cd</load_address>
         <run_address>0x80cd</run_address>
         <size>0xbb</size>
         <input_file_ref idref="fl-2"/>
      </object_component>
      <object_component id="oc-b0">
         <name>.debug_info</name>
         <load_address>0x8188</load_address>
         <run_address>0x8188</run_address>
         <size>0x12e</size>
         <input_file_ref idref="fl-3"/>
      </object_component>
      <object_component id="oc-2f">
         <name>.debug_info</name>
         <load_address>0x82b6</load_address>
         <run_address>0x82b6</run_address>
         <size>0x84</size>
         <input_file_ref idref="fl-3"/>
      </object_component>
      <object_component id="oc-78">
         <name>.debug_info</name>
         <load_address>0x833a</load_address>
         <run_address>0x833a</run_address>
         <size>0x2ce</size>
         <input_file_ref idref="fl-6"/>
      </object_component>
      <object_component id="oc-24">
         <name>.debug_info</name>
         <load_address>0x8608</load_address>
         <run_address>0x8608</run_address>
         <size>0xfa</size>
         <input_file_ref idref="fl-6"/>
      </object_component>
      <object_component id="oc-65">
         <name>.debug_info</name>
         <load_address>0x8702</load_address>
         <run_address>0x8702</run_address>
         <size>0x15d</size>
         <input_file_ref idref="fl-6"/>
      </object_component>
      <object_component id="oc-6b">
         <name>.debug_info</name>
         <load_address>0x885f</load_address>
         <run_address>0x885f</run_address>
         <size>0x145</size>
         <input_file_ref idref="fl-6"/>
      </object_component>
      <object_component id="oc-8f">
         <name>.debug_info</name>
         <load_address>0x89a4</load_address>
         <run_address>0x89a4</run_address>
         <size>0x313</size>
         <input_file_ref idref="fl-cc"/>
      </object_component>
      <object_component id="oc-4a">
         <name>.debug_info</name>
         <load_address>0x8cb7</load_address>
         <run_address>0x8cb7</run_address>
         <size>0x1aa</size>
         <input_file_ref idref="fl-cc"/>
      </object_component>
      <object_component id="oc-8a">
         <name>.debug_info</name>
         <load_address>0x8e61</load_address>
         <run_address>0x8e61</run_address>
         <size>0x46</size>
         <input_file_ref idref="fl-cc"/>
      </object_component>
      <object_component id="oc-cd">
         <name>.debug_info</name>
         <load_address>0x8ea7</load_address>
         <run_address>0x8ea7</run_address>
         <size>0x2c</size>
         <input_file_ref idref="fl-cc"/>
      </object_component>
      <object_component id="oc-27">
         <name>.debug_info</name>
         <load_address>0x8ed3</load_address>
         <run_address>0x8ed3</run_address>
         <size>0x100</size>
         <input_file_ref idref="fl-cf"/>
      </object_component>
      <object_component id="oc-53">
         <name>.debug_info</name>
         <load_address>0x8fd3</load_address>
         <run_address>0x8fd3</run_address>
         <size>0x1a4</size>
         <input_file_ref idref="fl-cf"/>
      </object_component>
      <object_component id="oc-ed">
         <name>.debug_info</name>
         <load_address>0x9177</load_address>
         <run_address>0x9177</run_address>
         <size>0x117</size>
         <input_file_ref idref="fl-d0"/>
      </object_component>
      <object_component id="oc-91">
         <name>.debug_info</name>
         <load_address>0x928e</load_address>
         <run_address>0x928e</run_address>
         <size>0x13f</size>
         <input_file_ref idref="fl-d3"/>
      </object_component>
      <object_component id="oc-161">
         <name>.debug_info</name>
         <load_address>0x93cd</load_address>
         <run_address>0x93cd</run_address>
         <size>0x547</size>
         <input_file_ref idref="fl-d5"/>
      </object_component>
      <object_component id="oc-f7">
         <name>.debug_info</name>
         <load_address>0x9914</load_address>
         <run_address>0x9914</run_address>
         <size>0x19b</size>
         <input_file_ref idref="fl-d5"/>
      </object_component>
      <object_component id="oc-18d">
         <name>.debug_info</name>
         <load_address>0x9aaf</load_address>
         <run_address>0x9aaf</run_address>
         <size>0x39</size>
         <input_file_ref idref="fl-d5"/>
      </object_component>
      <object_component id="oc-1a1">
         <name>.debug_info</name>
         <load_address>0x9ae8</load_address>
         <run_address>0x9ae8</run_address>
         <size>0x39</size>
         <input_file_ref idref="fl-d5"/>
      </object_component>
      <object_component id="oc-192">
         <name>.debug_info</name>
         <load_address>0x9b21</load_address>
         <run_address>0x9b21</run_address>
         <size>0x39</size>
         <input_file_ref idref="fl-d5"/>
      </object_component>
      <object_component id="oc-197">
         <name>.debug_info</name>
         <load_address>0x9b5a</load_address>
         <run_address>0x9b5a</run_address>
         <size>0xcd</size>
         <input_file_ref idref="fl-d5"/>
      </object_component>
      <object_component id="oc-97">
         <name>.debug_info</name>
         <load_address>0x9c27</load_address>
         <run_address>0x9c27</run_address>
         <size>0x148</size>
         <input_file_ref idref="fl-d6"/>
      </object_component>
      <object_component id="oc-1de">
         <name>.debug_info</name>
         <load_address>0x9d6f</load_address>
         <run_address>0x9d6f</run_address>
         <size>0xa5</size>
      </object_component>
      <object_component id="oc-12a">
         <name>.debug_line</name>
         <load_address>0x0</load_address>
         <run_address>0x0</run_address>
         <size>0x33</size>
         <input_file_ref idref="fl-2"/>
      </object_component>
      <object_component id="oc-17c">
         <name>.debug_line</name>
         <load_address>0x33</load_address>
         <run_address>0x33</run_address>
         <size>0x33</size>
         <input_file_ref idref="fl-2"/>
      </object_component>
      <object_component id="oc-14a">
         <name>.debug_line</name>
         <load_address>0x66</load_address>
         <run_address>0x66</run_address>
         <size>0x33</size>
         <input_file_ref idref="fl-2"/>
      </object_component>
      <object_component id="oc-153">
         <name>.debug_line</name>
         <load_address>0x99</load_address>
         <run_address>0x99</run_address>
         <size>0x33</size>
         <input_file_ref idref="fl-2"/>
      </object_component>
      <object_component id="oc-150">
         <name>.debug_line</name>
         <load_address>0xcc</load_address>
         <run_address>0xcc</run_address>
         <size>0x33</size>
         <input_file_ref idref="fl-2"/>
      </object_component>
      <object_component id="oc-155">
         <name>.debug_line</name>
         <load_address>0xff</load_address>
         <run_address>0xff</run_address>
         <size>0x3a</size>
         <input_file_ref idref="fl-2"/>
      </object_component>
      <object_component id="oc-a0">
         <name>.debug_line</name>
         <load_address>0x139</load_address>
         <run_address>0x139</run_address>
         <size>0x89</size>
         <input_file_ref idref="fl-2"/>
      </object_component>
      <object_component id="oc-74">
         <name>.debug_line</name>
         <load_address>0x1c2</load_address>
         <run_address>0x1c2</run_address>
         <size>0x5f</size>
         <input_file_ref idref="fl-2"/>
      </object_component>
      <object_component id="oc-133">
         <name>.debug_line</name>
         <load_address>0x221</load_address>
         <run_address>0x221</run_address>
         <size>0x78</size>
         <input_file_ref idref="fl-2"/>
      </object_component>
      <object_component id="oc-12e">
         <name>.debug_line</name>
         <load_address>0x299</load_address>
         <run_address>0x299</run_address>
         <size>0x7b</size>
         <input_file_ref idref="fl-2"/>
      </object_component>
      <object_component id="oc-c4">
         <name>.debug_line</name>
         <load_address>0x314</load_address>
         <run_address>0x314</run_address>
         <size>0x69</size>
         <input_file_ref idref="fl-2"/>
      </object_component>
      <object_component id="oc-138">
         <name>.debug_line</name>
         <load_address>0x37d</load_address>
         <run_address>0x37d</run_address>
         <size>0x78</size>
         <input_file_ref idref="fl-2"/>
      </object_component>
      <object_component id="oc-13d">
         <name>.debug_line</name>
         <load_address>0x3f5</load_address>
         <run_address>0x3f5</run_address>
         <size>0x79</size>
         <input_file_ref idref="fl-2"/>
      </object_component>
      <object_component id="oc-142">
         <name>.debug_line</name>
         <load_address>0x46e</load_address>
         <run_address>0x46e</run_address>
         <size>0x7d</size>
         <input_file_ref idref="fl-2"/>
      </object_component>
      <object_component id="oc-e8">
         <name>.debug_line</name>
         <load_address>0x4eb</load_address>
         <run_address>0x4eb</run_address>
         <size>0x20</size>
         <input_file_ref idref="fl-2"/>
      </object_component>
      <object_component id="oc-147">
         <name>.debug_line</name>
         <load_address>0x50b</load_address>
         <run_address>0x50b</run_address>
         <size>0x6d</size>
         <input_file_ref idref="fl-2"/>
      </object_component>
      <object_component id="oc-179">
         <name>.debug_line</name>
         <load_address>0x578</load_address>
         <run_address>0x578</run_address>
         <size>0x69</size>
         <input_file_ref idref="fl-2"/>
      </object_component>
      <object_component id="oc-bd">
         <name>.debug_line</name>
         <load_address>0x5e1</load_address>
         <run_address>0x5e1</run_address>
         <size>0x6a</size>
         <input_file_ref idref="fl-2"/>
      </object_component>
      <object_component id="oc-af">
         <name>.debug_line</name>
         <load_address>0x64b</load_address>
         <run_address>0x64b</run_address>
         <size>0x66</size>
         <input_file_ref idref="fl-3"/>
      </object_component>
      <object_component id="oc-32">
         <name>.debug_line</name>
         <load_address>0x6b1</load_address>
         <run_address>0x6b1</run_address>
         <size>0x20</size>
         <input_file_ref idref="fl-3"/>
      </object_component>
      <object_component id="oc-c0">
         <name>.debug_line</name>
         <load_address>0x6d1</load_address>
         <run_address>0x6d1</run_address>
         <size>0x44</size>
         <input_file_ref idref="fl-6"/>
      </object_component>
      <object_component id="oc-77">
         <name>.debug_line</name>
         <load_address>0x715</load_address>
         <run_address>0x715</run_address>
         <size>0x44</size>
         <input_file_ref idref="fl-6"/>
      </object_component>
      <object_component id="oc-68">
         <name>.debug_line</name>
         <load_address>0x759</load_address>
         <run_address>0x759</run_address>
         <size>0x5d</size>
         <input_file_ref idref="fl-6"/>
      </object_component>
      <object_component id="oc-6e">
         <name>.debug_line</name>
         <load_address>0x7b6</load_address>
         <run_address>0x7b6</run_address>
         <size>0x59</size>
         <input_file_ref idref="fl-6"/>
      </object_component>
      <object_component id="oc-d3">
         <name>.debug_line</name>
         <load_address>0x80f</load_address>
         <run_address>0x80f</run_address>
         <size>0x9e</size>
         <input_file_ref idref="fl-cc"/>
      </object_component>
      <object_component id="oc-48">
         <name>.debug_line</name>
         <load_address>0x8ad</load_address>
         <run_address>0x8ad</run_address>
         <size>0x4f</size>
         <input_file_ref idref="fl-cc"/>
      </object_component>
      <object_component id="oc-8d">
         <name>.debug_line</name>
         <load_address>0x8fc</load_address>
         <run_address>0x8fc</run_address>
         <size>0x34</size>
         <input_file_ref idref="fl-cc"/>
      </object_component>
      <object_component id="oc-d0">
         <name>.debug_line</name>
         <load_address>0x930</load_address>
         <run_address>0x930</run_address>
         <size>0x8a</size>
         <input_file_ref idref="fl-cc"/>
      </object_component>
      <object_component id="oc-7a">
         <name>.debug_line</name>
         <load_address>0x9ba</load_address>
         <run_address>0x9ba</run_address>
         <size>0x33</size>
         <input_file_ref idref="fl-cf"/>
      </object_component>
      <object_component id="oc-57">
         <name>.debug_line</name>
         <load_address>0x9ed</load_address>
         <run_address>0x9ed</run_address>
         <size>0x56</size>
         <input_file_ref idref="fl-cf"/>
      </object_component>
      <object_component id="oc-ef">
         <name>.debug_line</name>
         <load_address>0xa43</load_address>
         <run_address>0xa43</run_address>
         <size>0x3c</size>
         <input_file_ref idref="fl-d0"/>
      </object_component>
      <object_component id="oc-94">
         <name>.debug_line</name>
         <load_address>0xa7f</load_address>
         <run_address>0xa7f</run_address>
         <size>0x79</size>
         <input_file_ref idref="fl-d3"/>
      </object_component>
      <object_component id="oc-18c">
         <name>.debug_line</name>
         <load_address>0xaf8</load_address>
         <run_address>0xaf8</run_address>
         <size>0xb7</size>
         <input_file_ref idref="fl-d5"/>
      </object_component>
      <object_component id="oc-fa">
         <name>.debug_line</name>
         <load_address>0xbaf</load_address>
         <run_address>0xbaf</run_address>
         <size>0x6c</size>
         <input_file_ref idref="fl-d5"/>
      </object_component>
      <object_component id="oc-190">
         <name>.debug_line</name>
         <load_address>0xc1b</load_address>
         <run_address>0xc1b</run_address>
         <size>0x2e</size>
         <input_file_ref idref="fl-d5"/>
      </object_component>
      <object_component id="oc-1a4">
         <name>.debug_line</name>
         <load_address>0xc49</load_address>
         <run_address>0xc49</run_address>
         <size>0x92</size>
         <input_file_ref idref="fl-d5"/>
      </object_component>
      <object_component id="oc-195">
         <name>.debug_line</name>
         <load_address>0xcdb</load_address>
         <run_address>0xcdb</run_address>
         <size>0x8f</size>
         <input_file_ref idref="fl-d5"/>
      </object_component>
      <object_component id="oc-19a">
         <name>.debug_line</name>
         <load_address>0xd6a</load_address>
         <run_address>0xd6a</run_address>
         <size>0x8b</size>
         <input_file_ref idref="fl-d5"/>
      </object_component>
      <object_component id="oc-9a">
         <name>.debug_line</name>
         <load_address>0xdf5</load_address>
         <run_address>0xdf5</run_address>
         <size>0x40</size>
         <input_file_ref idref="fl-d6"/>
      </object_component>
      <object_component id="oc-a1">
         <name>.debug_frame</name>
         <load_address>0x0</load_address>
         <run_address>0x0</run_address>
         <size>0x5c</size>
         <input_file_ref idref="fl-2"/>
      </object_component>
      <object_component id="oc-75">
         <name>.debug_frame</name>
         <load_address>0x5c</load_address>
         <run_address>0x5c</run_address>
         <size>0x58</size>
         <input_file_ref idref="fl-2"/>
      </object_component>
      <object_component id="oc-b3">
         <name>.debug_frame</name>
         <load_address>0xb4</load_address>
         <run_address>0xb4</run_address>
         <size>0x54</size>
         <input_file_ref idref="fl-3"/>
      </object_component>
      <object_component id="oc-69">
         <name>.debug_frame</name>
         <load_address>0x108</load_address>
         <run_address>0x108</run_address>
         <size>0x58</size>
         <input_file_ref idref="fl-6"/>
      </object_component>
      <object_component id="oc-6f">
         <name>.debug_frame</name>
         <load_address>0x160</load_address>
         <run_address>0x160</run_address>
         <size>0x54</size>
         <input_file_ref idref="fl-6"/>
      </object_component>
      <object_component id="oc-47">
         <name>.debug_frame</name>
         <load_address>0x1b4</load_address>
         <run_address>0x1b4</run_address>
         <size>0x54</size>
         <input_file_ref idref="fl-cc"/>
      </object_component>
      <object_component id="oc-56">
         <name>.debug_frame</name>
         <load_address>0x208</load_address>
         <run_address>0x208</run_address>
         <size>0x58</size>
         <input_file_ref idref="fl-cf"/>
      </object_component>
      <object_component id="oc-ec">
         <name>.debug_frame</name>
         <load_address>0x260</load_address>
         <run_address>0x260</run_address>
         <size>0x54</size>
         <input_file_ref idref="fl-d0"/>
      </object_component>
      <object_component id="oc-fb">
         <name>.debug_frame</name>
         <load_address>0x2b4</load_address>
         <run_address>0x2b4</run_address>
         <size>0x5c</size>
         <input_file_ref idref="fl-d5"/>
      </object_component>
      <object_component id="oc-9b">
         <name>.debug_frame</name>
         <load_address>0x310</load_address>
         <run_address>0x310</run_address>
         <size>0x54</size>
         <input_file_ref idref="fl-d6"/>
      </object_component>
      <object_component id="oc-129">
         <name>.debug_abbrev</name>
         <load_address>0x0</load_address>
         <run_address>0x0</run_address>
         <size>0xb3</size>
         <input_file_ref idref="fl-2"/>
      </object_component>
      <object_component id="oc-17b">
         <name>.debug_abbrev</name>
         <load_address>0xb3</load_address>
         <run_address>0xb3</run_address>
         <size>0x29</size>
         <input_file_ref idref="fl-2"/>
      </object_component>
      <object_component id="oc-149">
         <name>.debug_abbrev</name>
         <load_address>0xdc</load_address>
         <run_address>0xdc</run_address>
         <size>0x27</size>
         <input_file_ref idref="fl-2"/>
      </object_component>
      <object_component id="oc-152">
         <name>.debug_abbrev</name>
         <load_address>0x103</load_address>
         <run_address>0x103</run_address>
         <size>0x29</size>
         <input_file_ref idref="fl-2"/>
      </object_component>
      <object_component id="oc-14f">
         <name>.debug_abbrev</name>
         <load_address>0x12c</load_address>
         <run_address>0x12c</run_address>
         <size>0x29</size>
         <input_file_ref idref="fl-2"/>
      </object_component>
      <object_component id="oc-154">
         <name>.debug_abbrev</name>
         <load_address>0x155</load_address>
         <run_address>0x155</run_address>
         <size>0x29</size>
         <input_file_ref idref="fl-2"/>
      </object_component>
      <object_component id="oc-e4">
         <name>.debug_abbrev</name>
         <load_address>0x17e</load_address>
         <run_address>0x17e</run_address>
         <size>0x55</size>
         <input_file_ref idref="fl-2"/>
      </object_component>
      <object_component id="oc-b9">
         <name>.debug_abbrev</name>
         <load_address>0x1d3</load_address>
         <run_address>0x1d3</run_address>
         <size>0x6d</size>
         <input_file_ref idref="fl-2"/>
      </object_component>
      <object_component id="oc-132">
         <name>.debug_abbrev</name>
         <load_address>0x240</load_address>
         <run_address>0x240</run_address>
         <size>0x9d</size>
         <input_file_ref idref="fl-2"/>
      </object_component>
      <object_component id="oc-12d">
         <name>.debug_abbrev</name>
         <load_address>0x2dd</load_address>
         <run_address>0x2dd</run_address>
         <size>0xbd</size>
         <input_file_ref idref="fl-2"/>
      </object_component>
      <object_component id="oc-c3">
         <name>.debug_abbrev</name>
         <load_address>0x39a</load_address>
         <run_address>0x39a</run_address>
         <size>0x69</size>
         <input_file_ref idref="fl-2"/>
      </object_component>
      <object_component id="oc-137">
         <name>.debug_abbrev</name>
         <load_address>0x403</load_address>
         <run_address>0x403</run_address>
         <size>0x97</size>
         <input_file_ref idref="fl-2"/>
      </object_component>
      <object_component id="oc-13c">
         <name>.debug_abbrev</name>
         <load_address>0x49a</load_address>
         <run_address>0x49a</run_address>
         <size>0x4b</size>
         <input_file_ref idref="fl-2"/>
      </object_component>
      <object_component id="oc-141">
         <name>.debug_abbrev</name>
         <load_address>0x4e5</load_address>
         <run_address>0x4e5</run_address>
         <size>0x4b</size>
         <input_file_ref idref="fl-2"/>
      </object_component>
      <object_component id="oc-e7">
         <name>.debug_abbrev</name>
         <load_address>0x530</load_address>
         <run_address>0x530</run_address>
         <size>0x1f</size>
         <input_file_ref idref="fl-2"/>
      </object_component>
      <object_component id="oc-146">
         <name>.debug_abbrev</name>
         <load_address>0x54f</load_address>
         <run_address>0x54f</run_address>
         <size>0x5c</size>
         <input_file_ref idref="fl-2"/>
      </object_component>
      <object_component id="oc-178">
         <name>.debug_abbrev</name>
         <load_address>0x5ab</load_address>
         <run_address>0x5ab</run_address>
         <size>0x24</size>
         <input_file_ref idref="fl-2"/>
      </object_component>
      <object_component id="oc-bc">
         <name>.debug_abbrev</name>
         <load_address>0x5cf</load_address>
         <run_address>0x5cf</run_address>
         <size>0x24</size>
         <input_file_ref idref="fl-2"/>
      </object_component>
      <object_component id="oc-128">
         <name>.debug_abbrev</name>
         <load_address>0x5f3</load_address>
         <run_address>0x5f3</run_address>
         <size>0x50</size>
         <input_file_ref idref="fl-3"/>
      </object_component>
      <object_component id="oc-31">
         <name>.debug_abbrev</name>
         <load_address>0x643</load_address>
         <run_address>0x643</run_address>
         <size>0x1f</size>
         <input_file_ref idref="fl-3"/>
      </object_component>
      <object_component id="oc-bf">
         <name>.debug_abbrev</name>
         <load_address>0x662</load_address>
         <run_address>0x662</run_address>
         <size>0x7c</size>
         <input_file_ref idref="fl-6"/>
      </object_component>
      <object_component id="oc-76">
         <name>.debug_abbrev</name>
         <load_address>0x6de</load_address>
         <run_address>0x6de</run_address>
         <size>0x29</size>
         <input_file_ref idref="fl-6"/>
      </object_component>
      <object_component id="oc-b4">
         <name>.debug_abbrev</name>
         <load_address>0x707</load_address>
         <run_address>0x707</run_address>
         <size>0x5e</size>
         <input_file_ref idref="fl-6"/>
      </object_component>
      <object_component id="oc-b5">
         <name>.debug_abbrev</name>
         <load_address>0x765</load_address>
         <run_address>0x765</run_address>
         <size>0x42</size>
         <input_file_ref idref="fl-6"/>
      </object_component>
      <object_component id="oc-d2">
         <name>.debug_abbrev</name>
         <load_address>0x7a7</load_address>
         <run_address>0x7a7</run_address>
         <size>0x73</size>
         <input_file_ref idref="fl-cc"/>
      </object_component>
      <object_component id="oc-95">
         <name>.debug_abbrev</name>
         <load_address>0x81a</load_address>
         <run_address>0x81a</run_address>
         <size>0x74</size>
         <input_file_ref idref="fl-cc"/>
      </object_component>
      <object_component id="oc-8c">
         <name>.debug_abbrev</name>
         <load_address>0x88e</load_address>
         <run_address>0x88e</run_address>
         <size>0x24</size>
         <input_file_ref idref="fl-cc"/>
      </object_component>
      <object_component id="oc-cf">
         <name>.debug_abbrev</name>
         <load_address>0x8b2</load_address>
         <run_address>0x8b2</run_address>
         <size>0x24</size>
         <input_file_ref idref="fl-cc"/>
      </object_component>
      <object_component id="oc-79">
         <name>.debug_abbrev</name>
         <load_address>0x8d6</load_address>
         <run_address>0x8d6</run_address>
         <size>0x29</size>
         <input_file_ref idref="fl-cf"/>
      </object_component>
      <object_component id="oc-a5">
         <name>.debug_abbrev</name>
         <load_address>0x8ff</load_address>
         <run_address>0x8ff</run_address>
         <size>0x61</size>
         <input_file_ref idref="fl-cf"/>
      </object_component>
      <object_component id="oc-156">
         <name>.debug_abbrev</name>
         <load_address>0x960</load_address>
         <run_address>0x960</run_address>
         <size>0x45</size>
         <input_file_ref idref="fl-d0"/>
      </object_component>
      <object_component id="oc-d4">
         <name>.debug_abbrev</name>
         <load_address>0x9a5</load_address>
         <run_address>0x9a5</run_address>
         <size>0x4f</size>
         <input_file_ref idref="fl-d3"/>
      </object_component>
      <object_component id="oc-18b">
         <name>.debug_abbrev</name>
         <load_address>0x9f4</load_address>
         <run_address>0x9f4</run_address>
         <size>0xdb</size>
         <input_file_ref idref="fl-d5"/>
      </object_component>
      <object_component id="oc-160">
         <name>.debug_abbrev</name>
         <load_address>0xacf</load_address>
         <run_address>0xacf</run_address>
         <size>0x7e</size>
         <input_file_ref idref="fl-d5"/>
      </object_component>
      <object_component id="oc-18f">
         <name>.debug_abbrev</name>
         <load_address>0xb4d</load_address>
         <run_address>0xb4d</run_address>
         <size>0x24</size>
         <input_file_ref idref="fl-d5"/>
      </object_component>
      <object_component id="oc-1a3">
         <name>.debug_abbrev</name>
         <load_address>0xb71</load_address>
         <run_address>0xb71</run_address>
         <size>0x24</size>
         <input_file_ref idref="fl-d5"/>
      </object_component>
      <object_component id="oc-194">
         <name>.debug_abbrev</name>
         <load_address>0xb95</load_address>
         <run_address>0xb95</run_address>
         <size>0x24</size>
         <input_file_ref idref="fl-d5"/>
      </object_component>
      <object_component id="oc-199">
         <name>.debug_abbrev</name>
         <load_address>0xbb9</load_address>
         <run_address>0xbb9</run_address>
         <size>0x4b</size>
         <input_file_ref idref="fl-d5"/>
      </object_component>
      <object_component id="oc-d5">
         <name>.debug_abbrev</name>
         <load_address>0xc04</load_address>
         <run_address>0xc04</run_address>
         <size>0x55</size>
         <input_file_ref idref="fl-d6"/>
      </object_component>
      <object_component id="oc-1df">
         <name>.debug_abbrev</name>
         <load_address>0xc59</load_address>
         <run_address>0xc59</run_address>
         <size>0xf</size>
      </object_component>
      <object_component id="oc-134">
         <name>.debug_str</name>
         <load_address>0x0</load_address>
         <run_address>0x0</run_address>
         <size>0xa01</size>
         <input_file_ref idref="fl-2"/>
      </object_component>
      <object_component id="oc-12f">
         <name>.debug_str</name>
         <load_address>0xa01</load_address>
         <run_address>0xa01</run_address>
         <size>0x15ef</size>
         <input_file_ref idref="fl-2"/>
      </object_component>
      <object_component id="oc-c5">
         <name>.debug_str</name>
         <load_address>0x1ff0</load_address>
         <run_address>0x1ff0</run_address>
         <size>0x2ad</size>
         <input_file_ref idref="fl-2"/>
      </object_component>
      <object_component id="oc-139">
         <name>.debug_str</name>
         <load_address>0x229d</load_address>
         <run_address>0x229d</run_address>
         <size>0x4a5</size>
         <input_file_ref idref="fl-2"/>
      </object_component>
      <object_component id="oc-13e">
         <name>.debug_str</name>
         <load_address>0x2742</load_address>
         <run_address>0x2742</run_address>
         <size>0x133</size>
         <input_file_ref idref="fl-2"/>
      </object_component>
      <object_component id="oc-143">
         <name>.debug_str</name>
         <load_address>0x2875</load_address>
         <run_address>0x2875</run_address>
         <size>0x351</size>
         <input_file_ref idref="fl-2"/>
      </object_component>
      <object_component id="oc-e9">
         <name>.debug_str</name>
         <load_address>0x2bc6</load_address>
         <run_address>0x2bc6</run_address>
         <size>0xfa</size>
         <input_file_ref idref="fl-2"/>
      </object_component>
      <object_component id="oc-148">
         <name>.debug_str</name>
         <load_address>0x2cc0</load_address>
         <run_address>0x2cc0</run_address>
         <size>0x33c</size>
         <input_file_ref idref="fl-2"/>
      </object_component>
      <object_component id="oc-17a">
         <name>.debug_str</name>
         <load_address>0x2ffc</load_address>
         <run_address>0x2ffc</run_address>
         <size>0x1b8</size>
         <input_file_ref idref="fl-2"/>
      </object_component>
      <object_component id="oc-be">
         <name>.debug_str</name>
         <load_address>0x31b4</load_address>
         <run_address>0x31b4</run_address>
         <size>0x145</size>
         <input_file_ref idref="fl-2"/>
      </object_component>
      <object_component id="oc-33">
         <name>.debug_str</name>
         <load_address>0x32f9</load_address>
         <run_address>0x32f9</run_address>
         <size>0xfa</size>
         <input_file_ref idref="fl-3"/>
      </object_component>
      <object_component id="oc-8e">
         <name>.debug_str</name>
         <load_address>0x33f3</load_address>
         <run_address>0x33f3</run_address>
         <size>0xfa</size>
         <input_file_ref idref="fl-cc"/>
      </object_component>
      <object_component id="oc-d1">
         <name>.debug_str</name>
         <load_address>0x34ed</load_address>
         <run_address>0x34ed</run_address>
         <size>0x12d</size>
         <input_file_ref idref="fl-cc"/>
      </object_component>
      <object_component id="oc-191">
         <name>.debug_str</name>
         <load_address>0x361a</load_address>
         <run_address>0x361a</run_address>
         <size>0xe2</size>
         <input_file_ref idref="fl-d5"/>
      </object_component>
      <object_component id="oc-1a5">
         <name>.debug_str</name>
         <load_address>0x36fc</load_address>
         <run_address>0x36fc</run_address>
         <size>0x144</size>
         <input_file_ref idref="fl-d5"/>
      </object_component>
      <object_component id="oc-196">
         <name>.debug_str</name>
         <load_address>0x3840</load_address>
         <run_address>0x3840</run_address>
         <size>0x13d</size>
         <input_file_ref idref="fl-d5"/>
      </object_component>
      <object_component id="oc-19b">
         <name>.debug_str</name>
         <load_address>0x397d</load_address>
         <run_address>0x397d</run_address>
         <size>0x184</size>
         <input_file_ref idref="fl-d5"/>
      </object_component>
      <object_component id="oc-9e">
         <name>.debug_aranges</name>
         <load_address>0x0</load_address>
         <run_address>0x0</run_address>
         <size>0x20</size>
         <input_file_ref idref="fl-2"/>
      </object_component>
      <object_component id="oc-72">
         <name>.debug_aranges</name>
         <load_address>0x20</load_address>
         <run_address>0x20</run_address>
         <size>0x20</size>
         <input_file_ref idref="fl-2"/>
      </object_component>
      <object_component id="oc-b1">
         <name>.debug_aranges</name>
         <load_address>0x40</load_address>
         <run_address>0x40</run_address>
         <size>0x20</size>
         <input_file_ref idref="fl-3"/>
      </object_component>
      <object_component id="oc-66">
         <name>.debug_aranges</name>
         <load_address>0x60</load_address>
         <run_address>0x60</run_address>
         <size>0x20</size>
         <input_file_ref idref="fl-6"/>
      </object_component>
      <object_component id="oc-6d">
         <name>.debug_aranges</name>
         <load_address>0x80</load_address>
         <run_address>0x80</run_address>
         <size>0x20</size>
         <input_file_ref idref="fl-6"/>
      </object_component>
      <object_component id="oc-49">
         <name>.debug_aranges</name>
         <load_address>0xa0</load_address>
         <run_address>0xa0</run_address>
         <size>0x20</size>
         <input_file_ref idref="fl-cc"/>
      </object_component>
      <object_component id="oc-54">
         <name>.debug_aranges</name>
         <load_address>0xc0</load_address>
         <run_address>0xc0</run_address>
         <size>0x20</size>
         <input_file_ref idref="fl-cf"/>
      </object_component>
      <object_component id="oc-eb">
         <name>.debug_aranges</name>
         <load_address>0xe0</load_address>
         <run_address>0xe0</run_address>
         <size>0x20</size>
         <input_file_ref idref="fl-d0"/>
      </object_component>
      <object_component id="oc-92">
         <name>.debug_aranges</name>
         <load_address>0x100</load_address>
         <run_address>0x100</run_address>
         <size>0x28</size>
         <input_file_ref idref="fl-d3"/>
      </object_component>
      <object_component id="oc-f8">
         <name>.debug_aranges</name>
         <load_address>0x128</load_address>
         <run_address>0x128</run_address>
         <size>0x20</size>
         <input_file_ref idref="fl-d5"/>
      </object_component>
      <object_component id="oc-98">
         <name>.debug_aranges</name>
         <load_address>0x148</load_address>
         <run_address>0x148</run_address>
         <size>0x20</size>
         <input_file_ref idref="fl-d6"/>
      </object_component>
      <object_component id="oc-b8">
         <name>.debug_pubnames</name>
         <load_address>0x0</load_address>
         <run_address>0x0</run_address>
         <size>0x5c</size>
         <input_file_ref idref="fl-2"/>
      </object_component>
      <object_component id="oc-14e">
         <name>.debug_pubnames</name>
         <load_address>0x5c</load_address>
         <run_address>0x5c</run_address>
         <size>0x34</size>
         <input_file_ref idref="fl-2"/>
      </object_component>
      <object_component id="oc-d8">
         <name>.debug_pubnames</name>
         <load_address>0x90</load_address>
         <run_address>0x90</run_address>
         <size>0x38</size>
         <input_file_ref idref="fl-2"/>
      </object_component>
      <object_component id="oc-df">
         <name>.debug_pubnames</name>
         <load_address>0xc8</load_address>
         <run_address>0xc8</run_address>
         <size>0x23</size>
         <input_file_ref idref="fl-2"/>
      </object_component>
      <object_component id="oc-db">
         <name>.debug_pubnames</name>
         <load_address>0xeb</load_address>
         <run_address>0xeb</run_address>
         <size>0x23</size>
         <input_file_ref idref="fl-2"/>
      </object_component>
      <object_component id="oc-e3">
         <name>.debug_pubnames</name>
         <load_address>0x10e</load_address>
         <run_address>0x10e</run_address>
         <size>0x20</size>
         <input_file_ref idref="fl-2"/>
      </object_component>
      <object_component id="oc-9f">
         <name>.debug_pubnames</name>
         <load_address>0x12e</load_address>
         <run_address>0x12e</run_address>
         <size>0x1b</size>
         <input_file_ref idref="fl-2"/>
      </object_component>
      <object_component id="oc-73">
         <name>.debug_pubnames</name>
         <load_address>0x149</load_address>
         <run_address>0x149</run_address>
         <size>0x27</size>
         <input_file_ref idref="fl-2"/>
      </object_component>
      <object_component id="oc-b2">
         <name>.debug_pubnames</name>
         <load_address>0x170</load_address>
         <run_address>0x170</run_address>
         <size>0x21</size>
         <input_file_ref idref="fl-3"/>
      </object_component>
      <object_component id="oc-25">
         <name>.debug_pubnames</name>
         <load_address>0x191</load_address>
         <run_address>0x191</run_address>
         <size>0x27</size>
         <input_file_ref idref="fl-6"/>
      </object_component>
      <object_component id="oc-67">
         <name>.debug_pubnames</name>
         <load_address>0x1b8</load_address>
         <run_address>0x1b8</run_address>
         <size>0x24</size>
         <input_file_ref idref="fl-6"/>
      </object_component>
      <object_component id="oc-6c">
         <name>.debug_pubnames</name>
         <load_address>0x1dc</load_address>
         <run_address>0x1dc</run_address>
         <size>0x26</size>
         <input_file_ref idref="fl-6"/>
      </object_component>
      <object_component id="oc-4b">
         <name>.debug_pubnames</name>
         <load_address>0x202</load_address>
         <run_address>0x202</run_address>
         <size>0x25</size>
         <input_file_ref idref="fl-cc"/>
      </object_component>
      <object_component id="oc-28">
         <name>.debug_pubnames</name>
         <load_address>0x227</load_address>
         <run_address>0x227</run_address>
         <size>0x1e</size>
         <input_file_ref idref="fl-cf"/>
      </object_component>
      <object_component id="oc-55">
         <name>.debug_pubnames</name>
         <load_address>0x245</load_address>
         <run_address>0x245</run_address>
         <size>0x26</size>
         <input_file_ref idref="fl-cf"/>
      </object_component>
      <object_component id="oc-ee">
         <name>.debug_pubnames</name>
         <load_address>0x26b</load_address>
         <run_address>0x26b</run_address>
         <size>0x1c</size>
         <input_file_ref idref="fl-d0"/>
      </object_component>
      <object_component id="oc-93">
         <name>.debug_pubnames</name>
         <load_address>0x287</load_address>
         <run_address>0x287</run_address>
         <size>0x37</size>
         <input_file_ref idref="fl-d3"/>
      </object_component>
      <object_component id="oc-f9">
         <name>.debug_pubnames</name>
         <load_address>0x2be</load_address>
         <run_address>0x2be</run_address>
         <size>0x35</size>
         <input_file_ref idref="fl-d5"/>
      </object_component>
      <object_component id="oc-99">
         <name>.debug_pubnames</name>
         <load_address>0x2f3</load_address>
         <run_address>0x2f3</run_address>
         <size>0x27</size>
         <input_file_ref idref="fl-d6"/>
      </object_component>
      <object_component id="oc-131">
         <name>.debug_pubtypes</name>
         <load_address>0x0</load_address>
         <run_address>0x0</run_address>
         <size>0x7d0</size>
         <input_file_ref idref="fl-2"/>
      </object_component>
      <object_component id="oc-12c">
         <name>.debug_pubtypes</name>
         <load_address>0x7d0</load_address>
         <run_address>0x7d0</run_address>
         <size>0x2ce</size>
         <input_file_ref idref="fl-2"/>
      </object_component>
      <object_component id="oc-c2">
         <name>.debug_pubtypes</name>
         <load_address>0xa9e</load_address>
         <run_address>0xa9e</run_address>
         <size>0x25c</size>
         <input_file_ref idref="fl-2"/>
      </object_component>
      <object_component id="oc-136">
         <name>.debug_pubtypes</name>
         <load_address>0xcfa</load_address>
         <run_address>0xcfa</run_address>
         <size>0xdd</size>
         <input_file_ref idref="fl-2"/>
      </object_component>
      <object_component id="oc-13b">
         <name>.debug_pubtypes</name>
         <load_address>0xdd7</load_address>
         <run_address>0xdd7</run_address>
         <size>0x3d</size>
         <input_file_ref idref="fl-2"/>
      </object_component>
      <object_component id="oc-140">
         <name>.debug_pubtypes</name>
         <load_address>0xe14</load_address>
         <run_address>0xe14</run_address>
         <size>0x16a</size>
         <input_file_ref idref="fl-2"/>
      </object_component>
      <object_component id="oc-e6">
         <name>.debug_pubtypes</name>
         <load_address>0xf7e</load_address>
         <run_address>0xf7e</run_address>
         <size>0xff</size>
         <input_file_ref idref="fl-2"/>
      </object_component>
      <object_component id="oc-145">
         <name>.debug_pubtypes</name>
         <load_address>0x107d</load_address>
         <run_address>0x107d</run_address>
         <size>0x325</size>
         <input_file_ref idref="fl-2"/>
      </object_component>
      <object_component id="oc-177">
         <name>.debug_pubtypes</name>
         <load_address>0x13a2</load_address>
         <run_address>0x13a2</run_address>
         <size>0x12e</size>
         <input_file_ref idref="fl-2"/>
      </object_component>
      <object_component id="oc-bb">
         <name>.debug_pubtypes</name>
         <load_address>0x14d0</load_address>
         <run_address>0x14d0</run_address>
         <size>0xaa</size>
         <input_file_ref idref="fl-2"/>
      </object_component>
      <object_component id="oc-30">
         <name>.debug_pubtypes</name>
         <load_address>0x157a</load_address>
         <run_address>0x157a</run_address>
         <size>0xed</size>
         <input_file_ref idref="fl-3"/>
      </object_component>
      <object_component id="oc-8b">
         <name>.debug_pubtypes</name>
         <load_address>0x1667</load_address>
         <run_address>0x1667</run_address>
         <size>0x48</size>
         <input_file_ref idref="fl-cc"/>
      </object_component>
      <object_component id="oc-ce">
         <name>.debug_pubtypes</name>
         <load_address>0x16af</load_address>
         <run_address>0x16af</run_address>
         <size>0x1d</size>
         <input_file_ref idref="fl-cc"/>
      </object_component>
      <object_component id="oc-18e">
         <name>.debug_pubtypes</name>
         <load_address>0x16cc</load_address>
         <run_address>0x16cc</run_address>
         <size>0x32</size>
         <input_file_ref idref="fl-d5"/>
      </object_component>
      <object_component id="oc-1a2">
         <name>.debug_pubtypes</name>
         <load_address>0x16fe</load_address>
         <run_address>0x16fe</run_address>
         <size>0x30</size>
         <input_file_ref idref="fl-d5"/>
      </object_component>
      <object_component id="oc-193">
         <name>.debug_pubtypes</name>
         <load_address>0x172e</load_address>
         <run_address>0x172e</run_address>
         <size>0x2c</size>
         <input_file_ref idref="fl-d5"/>
      </object_component>
      <object_component id="oc-198">
         <name>.debug_pubtypes</name>
         <load_address>0x175a</load_address>
         <run_address>0x175a</run_address>
         <size>0x50</size>
         <input_file_ref idref="fl-d5"/>
      </object_component>
   </object_component_list>
   <logical_group_list>
      <logical_group id="lg-3" display="no" color="cyan">
         <name>.intvecs</name>
         <load_address>0x0</load_address>
         <run_address>0x0</run_address>
         <size>0xe4</size>
         <contents>
            <object_component_ref idref="oc-23"/>
         </contents>
      </logical_group>
      <logical_group id="lg-4" display="no" color="cyan">
         <name>.text</name>
         <load_address>0x2100</load_address>
         <run_address>0x2100</run_address>
         <size>0x544</size>
         <contents>
            <object_component_ref idref="oc-9c"/>
            <object_component_ref idref="oc-90"/>
            <object_component_ref idref="oc-6a"/>
            <object_component_ref idref="oc-ae"/>
            <object_component_ref idref="oc-70"/>
            <object_component_ref idref="oc-f6"/>
            <object_component_ref idref="oc-52"/>
            <object_component_ref idref="oc-64"/>
            <object_component_ref idref="oc-46"/>
            <object_component_ref idref="oc-96"/>
            <object_component_ref idref="oc-ea"/>
         </contents>
      </logical_group>
      <logical_group id="lg-5" display="no" color="cyan">
         <name>.const</name>
         <load_address>0xe4</load_address>
         <run_address>0xe4</run_address>
         <size>0x201a</size>
         <contents>
            <object_component_ref idref="oc-dd"/>
            <object_component_ref idref="oc-d9"/>
            <object_component_ref idref="oc-e1"/>
            <object_component_ref idref="oc-14c"/>
         </contents>
      </logical_group>
      <logical_group id="lg-6" display="no" color="cyan">
         <name>.cinit</name>
         <load_address>0x2648</load_address>
         <run_address>0x2648</run_address>
         <size>0x14</size>
         <contents>
            <object_component_ref idref="oc-1dc"/>
            <object_component_ref idref="oc-1da"/>
            <object_component_ref idref="oc-1db"/>
         </contents>
      </logical_group>
      <logical_group id="lg-7" display="no" color="cyan">
         <name>.pinit</name>
         <run_address>0x0</run_address>
         <size>0x0</size>
         <contents>
         </contents>
      </logical_group>
      <logical_group id="lg-8" display="no" color="cyan">
         <name>.init_array</name>
         <run_address>0x0</run_address>
         <size>0x0</size>
         <contents>
         </contents>
      </logical_group>
      <logical_group id="lg-9" display="no" color="cyan">
         <name>.binit</name>
         <load_address>0x0</load_address>
         <run_address>0x0</run_address>
         <size>0x0</size>
         <contents>
            <object_component_ref idref="oc-1af"/>
         </contents>
      </logical_group>
      <logical_group id="lg-a" display="no" color="cyan">
         <name>.flashMailbox</name>
         <run_address>0x0</run_address>
         <size>0x0</size>
         <contents>
         </contents>
      </logical_group>
      <logical_group id="lg-b" display="no" color="cyan">
         <name>.tlvTable</name>
         <run_address>0x0</run_address>
         <size>0x0</size>
         <contents>
         </contents>
      </logical_group>
      <logical_group id="lg-c" display="no" color="cyan">
         <name>.bslArea</name>
         <run_address>0x0</run_address>
         <size>0x0</size>
         <contents>
         </contents>
      </logical_group>
      <logical_group id="lg-d" display="no" color="cyan">
         <name>.vtable</name>
         <run_address>0x0</run_address>
         <size>0x0</size>
         <contents>
         </contents>
      </logical_group>
      <logical_group id="lg-e" display="no" color="cyan">
         <name>.data</name>
         <run_address>0x0</run_address>
         <size>0x0</size>
         <contents>
         </contents>
      </logical_group>
      <logical_group id="lg-f" display="no" color="cyan">
         <name>.bss</name>
         <run_address>0x20000000</run_address>
         <size>0x4100</size>
         <contents>
            <object_component_ref idref="oc-d6"/>
            <object_component_ref idref="oc-151"/>
            <object_component_ref idref="oc-14b"/>
            <object_component_ref idref="oc-b6"/>
            <object_component_ref idref="oc-e0"/>
            <object_component_ref idref="oc-dc"/>
         </contents>
      </logical_group>
      <logical_group id="lg-10" display="no" color="cyan">
         <name>.sysmem</name>
         <run_address>0x0</run_address>
         <size>0x0</size>
         <contents>
         </contents>
      </logical_group>
      <logical_group id="lg-11" display="no" color="cyan">
         <name>.stack</name>
         <run_address>0x2000fe00</run_address>
         <size>0x200</size>
         <contents>
            <object_component_ref idref="oc-26"/>
            <object_component_ref idref="oc-1dd"/>
         </contents>
      </logical_group>
      <logical_group id="lg-12" display="no" color="cyan">
         <name>.TI.ramfunc</name>
         <run_address>0x0</run_address>
         <size>0x0</size>
         <contents>
         </contents>
      </logical_group>
      <logical_group id="lg-1ad" display="no" color="cyan">
         <name>.TI.noinit</name>
         <run_address>0x0</run_address>
         <size>0x0</size>
         <contents>
         </contents>
      </logical_group>
      <logical_group id="lg-1ae" display="no" color="cyan">
         <name>.TI.persistent</name>
         <run_address>0x0</run_address>
         <size>0x0</size>
         <contents>
         </contents>
      </logical_group>
      <logical_group id="lg-1c2" display="never" color="cyan">
         <name>.debug_info</name>
         <load_address>0x0</load_address>
         <run_address>0x0</run_address>
         <size>0x9e14</size>
         <contents>
            <object_component_ref idref="oc-b7"/>
            <object_component_ref idref="oc-14d"/>
            <object_component_ref idref="oc-d7"/>
            <object_component_ref idref="oc-de"/>
            <object_component_ref idref="oc-da"/>
            <object_component_ref idref="oc-e2"/>
            <object_component_ref idref="oc-9d"/>
            <object_component_ref idref="oc-71"/>
            <object_component_ref idref="oc-130"/>
            <object_component_ref idref="oc-12b"/>
            <object_component_ref idref="oc-c1"/>
            <object_component_ref idref="oc-135"/>
            <object_component_ref idref="oc-13a"/>
            <object_component_ref idref="oc-13f"/>
            <object_component_ref idref="oc-e5"/>
            <object_component_ref idref="oc-144"/>
            <object_component_ref idref="oc-176"/>
            <object_component_ref idref="oc-ba"/>
            <object_component_ref idref="oc-b0"/>
            <object_component_ref idref="oc-2f"/>
            <object_component_ref idref="oc-78"/>
            <object_component_ref idref="oc-24"/>
            <object_component_ref idref="oc-65"/>
            <object_component_ref idref="oc-6b"/>
            <object_component_ref idref="oc-8f"/>
            <object_component_ref idref="oc-4a"/>
            <object_component_ref idref="oc-8a"/>
            <object_component_ref idref="oc-cd"/>
            <object_component_ref idref="oc-27"/>
            <object_component_ref idref="oc-53"/>
            <object_component_ref idref="oc-ed"/>
            <object_component_ref idref="oc-91"/>
            <object_component_ref idref="oc-161"/>
            <object_component_ref idref="oc-f7"/>
            <object_component_ref idref="oc-18d"/>
            <object_component_ref idref="oc-1a1"/>
            <object_component_ref idref="oc-192"/>
            <object_component_ref idref="oc-197"/>
            <object_component_ref idref="oc-97"/>
            <object_component_ref idref="oc-1de"/>
         </contents>
      </logical_group>
      <logical_group id="lg-1c4" display="never" color="cyan">
         <name>.debug_line</name>
         <load_address>0x0</load_address>
         <run_address>0x0</run_address>
         <size>0xe35</size>
         <contents>
            <object_component_ref idref="oc-12a"/>
            <object_component_ref idref="oc-17c"/>
            <object_component_ref idref="oc-14a"/>
            <object_component_ref idref="oc-153"/>
            <object_component_ref idref="oc-150"/>
            <object_component_ref idref="oc-155"/>
            <object_component_ref idref="oc-a0"/>
            <object_component_ref idref="oc-74"/>
            <object_component_ref idref="oc-133"/>
            <object_component_ref idref="oc-12e"/>
            <object_component_ref idref="oc-c4"/>
            <object_component_ref idref="oc-138"/>
            <object_component_ref idref="oc-13d"/>
            <object_component_ref idref="oc-142"/>
            <object_component_ref idref="oc-e8"/>
            <object_component_ref idref="oc-147"/>
            <object_component_ref idref="oc-179"/>
            <object_component_ref idref="oc-bd"/>
            <object_component_ref idref="oc-af"/>
            <object_component_ref idref="oc-32"/>
            <object_component_ref idref="oc-c0"/>
            <object_component_ref idref="oc-77"/>
            <object_component_ref idref="oc-68"/>
            <object_component_ref idref="oc-6e"/>
            <object_component_ref idref="oc-d3"/>
            <object_component_ref idref="oc-48"/>
            <object_component_ref idref="oc-8d"/>
            <object_component_ref idref="oc-d0"/>
            <object_component_ref idref="oc-7a"/>
            <object_component_ref idref="oc-57"/>
            <object_component_ref idref="oc-ef"/>
            <object_component_ref idref="oc-94"/>
            <object_component_ref idref="oc-18c"/>
            <object_component_ref idref="oc-fa"/>
            <object_component_ref idref="oc-190"/>
            <object_component_ref idref="oc-1a4"/>
            <object_component_ref idref="oc-195"/>
            <object_component_ref idref="oc-19a"/>
            <object_component_ref idref="oc-9a"/>
         </contents>
      </logical_group>
      <logical_group id="lg-1c6" display="never" color="cyan">
         <name>.debug_frame</name>
         <load_address>0x0</load_address>
         <run_address>0x0</run_address>
         <size>0x364</size>
         <contents>
            <object_component_ref idref="oc-a1"/>
            <object_component_ref idref="oc-75"/>
            <object_component_ref idref="oc-b3"/>
            <object_component_ref idref="oc-69"/>
            <object_component_ref idref="oc-6f"/>
            <object_component_ref idref="oc-47"/>
            <object_component_ref idref="oc-56"/>
            <object_component_ref idref="oc-ec"/>
            <object_component_ref idref="oc-fb"/>
            <object_component_ref idref="oc-9b"/>
         </contents>
      </logical_group>
      <logical_group id="lg-1c8" display="never" color="cyan">
         <name>.debug_abbrev</name>
         <load_address>0x0</load_address>
         <run_address>0x0</run_address>
         <size>0xc68</size>
         <contents>
            <object_component_ref idref="oc-129"/>
            <object_component_ref idref="oc-17b"/>
            <object_component_ref idref="oc-149"/>
            <object_component_ref idref="oc-152"/>
            <object_component_ref idref="oc-14f"/>
            <object_component_ref idref="oc-154"/>
            <object_component_ref idref="oc-e4"/>
            <object_component_ref idref="oc-b9"/>
            <object_component_ref idref="oc-132"/>
            <object_component_ref idref="oc-12d"/>
            <object_component_ref idref="oc-c3"/>
            <object_component_ref idref="oc-137"/>
            <object_component_ref idref="oc-13c"/>
            <object_component_ref idref="oc-141"/>
            <object_component_ref idref="oc-e7"/>
            <object_component_ref idref="oc-146"/>
            <object_component_ref idref="oc-178"/>
            <object_component_ref idref="oc-bc"/>
            <object_component_ref idref="oc-128"/>
            <object_component_ref idref="oc-31"/>
            <object_component_ref idref="oc-bf"/>
            <object_component_ref idref="oc-76"/>
            <object_component_ref idref="oc-b4"/>
            <object_component_ref idref="oc-b5"/>
            <object_component_ref idref="oc-d2"/>
            <object_component_ref idref="oc-95"/>
            <object_component_ref idref="oc-8c"/>
            <object_component_ref idref="oc-cf"/>
            <object_component_ref idref="oc-79"/>
            <object_component_ref idref="oc-a5"/>
            <object_component_ref idref="oc-156"/>
            <object_component_ref idref="oc-d4"/>
            <object_component_ref idref="oc-18b"/>
            <object_component_ref idref="oc-160"/>
            <object_component_ref idref="oc-18f"/>
            <object_component_ref idref="oc-1a3"/>
            <object_component_ref idref="oc-194"/>
            <object_component_ref idref="oc-199"/>
            <object_component_ref idref="oc-d5"/>
            <object_component_ref idref="oc-1df"/>
         </contents>
      </logical_group>
      <logical_group id="lg-1ca" display="never" color="cyan">
         <name>.debug_str</name>
         <load_address>0x0</load_address>
         <run_address>0x0</run_address>
         <size>0x3b01</size>
         <contents>
            <object_component_ref idref="oc-134"/>
            <object_component_ref idref="oc-12f"/>
            <object_component_ref idref="oc-c5"/>
            <object_component_ref idref="oc-139"/>
            <object_component_ref idref="oc-13e"/>
            <object_component_ref idref="oc-143"/>
            <object_component_ref idref="oc-e9"/>
            <object_component_ref idref="oc-148"/>
            <object_component_ref idref="oc-17a"/>
            <object_component_ref idref="oc-be"/>
            <object_component_ref idref="oc-33"/>
            <object_component_ref idref="oc-8e"/>
            <object_component_ref idref="oc-d1"/>
            <object_component_ref idref="oc-191"/>
            <object_component_ref idref="oc-1a5"/>
            <object_component_ref idref="oc-196"/>
            <object_component_ref idref="oc-19b"/>
         </contents>
      </logical_group>
      <logical_group id="lg-1cc" display="never" color="cyan">
         <name>.debug_aranges</name>
         <load_address>0x0</load_address>
         <run_address>0x0</run_address>
         <size>0x168</size>
         <contents>
            <object_component_ref idref="oc-9e"/>
            <object_component_ref idref="oc-72"/>
            <object_component_ref idref="oc-b1"/>
            <object_component_ref idref="oc-66"/>
            <object_component_ref idref="oc-6d"/>
            <object_component_ref idref="oc-49"/>
            <object_component_ref idref="oc-54"/>
            <object_component_ref idref="oc-eb"/>
            <object_component_ref idref="oc-92"/>
            <object_component_ref idref="oc-f8"/>
            <object_component_ref idref="oc-98"/>
         </contents>
      </logical_group>
      <logical_group id="lg-1ce" display="never" color="cyan">
         <name>.debug_pubnames</name>
         <load_address>0x0</load_address>
         <run_address>0x0</run_address>
         <size>0x31a</size>
         <contents>
            <object_component_ref idref="oc-b8"/>
            <object_component_ref idref="oc-14e"/>
            <object_component_ref idref="oc-d8"/>
            <object_component_ref idref="oc-df"/>
            <object_component_ref idref="oc-db"/>
            <object_component_ref idref="oc-e3"/>
            <object_component_ref idref="oc-9f"/>
            <object_component_ref idref="oc-73"/>
            <object_component_ref idref="oc-b2"/>
            <object_component_ref idref="oc-25"/>
            <object_component_ref idref="oc-67"/>
            <object_component_ref idref="oc-6c"/>
            <object_component_ref idref="oc-4b"/>
            <object_component_ref idref="oc-28"/>
            <object_component_ref idref="oc-55"/>
            <object_component_ref idref="oc-ee"/>
            <object_component_ref idref="oc-93"/>
            <object_component_ref idref="oc-f9"/>
            <object_component_ref idref="oc-99"/>
         </contents>
      </logical_group>
      <logical_group id="lg-1d0" display="never" color="cyan">
         <name>.debug_pubtypes</name>
         <load_address>0x0</load_address>
         <run_address>0x0</run_address>
         <size>0x17aa</size>
         <contents>
            <object_component_ref idref="oc-131"/>
            <object_component_ref idref="oc-12c"/>
            <object_component_ref idref="oc-c2"/>
            <object_component_ref idref="oc-136"/>
            <object_component_ref idref="oc-13b"/>
            <object_component_ref idref="oc-140"/>
            <object_component_ref idref="oc-e6"/>
            <object_component_ref idref="oc-145"/>
            <object_component_ref idref="oc-177"/>
            <object_component_ref idref="oc-bb"/>
            <object_component_ref idref="oc-30"/>
            <object_component_ref idref="oc-8b"/>
            <object_component_ref idref="oc-ce"/>
            <object_component_ref idref="oc-18e"/>
            <object_component_ref idref="oc-1a2"/>
            <object_component_ref idref="oc-193"/>
            <object_component_ref idref="oc-198"/>
         </contents>
      </logical_group>
      <load_segment id="lg-1e0" display="no" color="cyan">
         <name>SEGMENT_0</name>
         <load_address>0x0</load_address>
         <run_address>0x0</run_address>
         <size>0x265c</size>
         <flags>0x5</flags>
         <contents>
            <logical_group_ref idref="lg-3"/>
            <logical_group_ref idref="lg-5"/>
            <logical_group_ref idref="lg-4"/>
            <logical_group_ref idref="lg-6"/>
         </contents>
      </load_segment>
      <load_segment id="lg-1e1" display="no" color="cyan">
         <name>SEGMENT_1</name>
         <run_address>0x20000000</run_address>
         <size>0x4100</size>
         <flags>0x6</flags>
         <contents>
            <logical_group_ref idref="lg-f"/>
         </contents>
      </load_segment>
      <load_segment id="lg-1e2" display="no" color="cyan">
         <name>SEGMENT_2</name>
         <run_address>0x2000fe00</run_address>
         <size>0x200</size>
         <flags>0x6</flags>
         <contents>
            <logical_group_ref idref="lg-11"/>
         </contents>
      </load_segment>
   </logical_group_list>
   <placement_map>
      <memory_area display="yes" color="green">
         <name>MAIN</name>
         <page_id>0x0</page_id>
         <origin>0x0</origin>
         <length>0x40000</length>
         <used_space>0x2656</used_space>
         <unused_space>0x3d9aa</unused_space>
         <attributes>RX</attributes>
         <usage_details>
            <allocated_space>
               <start_address>0x0</start_address>
               <size>0x0</size>
               <logical_group_ref idref="lg-9"/>
            </allocated_space>
            <allocated_space>
               <start_address>0x0</start_address>
               <size>0xe4</size>
               <logical_group_ref idref="lg-3"/>
            </allocated_space>
            <allocated_space>
               <start_address>0xe4</start_address>
               <size>0x201a</size>
               <logical_group_ref idref="lg-5"/>
            </allocated_space>
            <available_space>
               <start_address>0x20fe</start_address>
               <size>0x2</size>
            </available_space>
            <allocated_space>
               <start_address>0x2100</start_address>
               <size>0x544</size>
               <logical_group_ref idref="lg-4"/>
            </allocated_space>
            <available_space>
               <start_address>0x2644</start_address>
               <size>0x4</size>
            </available_space>
            <allocated_space>
               <start_address>0x2648</start_address>
               <size>0x14</size>
               <logical_group_ref idref="lg-6"/>
            </allocated_space>
            <available_space>
               <start_address>0x265c</start_address>
               <size>0x3d9a4</size>
            </available_space>
         </usage_details>
      </memory_area>
      <memory_area display="yes" color="green">
         <name>INFO</name>
         <page_id>0x0</page_id>
         <origin>0x200000</origin>
         <length>0x4000</length>
         <used_space>0x0</used_space>
         <unused_space>0x4000</unused_space>
         <attributes>RX</attributes>
         <usage_details>
         </usage_details>
      </memory_area>
      <memory_area display="yes" color="green">
         <name>SRAM_CODE</name>
         <page_id>0x0</page_id>
         <origin>0x1000000</origin>
         <length>0x10000</length>
         <used_space>0x4300</used_space>
         <unused_space>0xbd00</unused_space>
         <attributes>RWX</attributes>
         <usage_details>
            <allocated_space>
               <start_address>0x1000000</start_address>
               <size>0x4100</size>
               <logical_group_ref idref="lg-f"/>
            </allocated_space>
            <available_space>
               <start_address>0x1004100</start_address>
               <size>0xbd00</size>
            </available_space>
            <allocated_space>
               <start_address>0x100fe00</start_address>
               <size>0x200</size>
               <logical_group_ref idref="lg-11"/>
            </allocated_space>
         </usage_details>
      </memory_area>
      <memory_area display="yes" color="green">
         <name>SRAM_DATA</name>
         <page_id>0x0</page_id>
         <origin>0x20000000</origin>
         <length>0x10000</length>
         <used_space>0x4300</used_space>
         <unused_space>0xbd00</unused_space>
         <attributes>RW</attributes>
         <usage_details>
            <allocated_space>
               <start_address>0x20000000</start_address>
               <size>0x4100</size>
               <logical_group_ref idref="lg-f"/>
            </allocated_space>
            <available_space>
               <start_address>0x20004100</start_address>
               <size>0xbd00</size>
            </available_space>
            <allocated_space>
               <start_address>0x2000fe00</start_address>
               <size>0x200</size>
               <logical_group_ref idref="lg-11"/>
            </allocated_space>
         </usage_details>
      </memory_area>
   </placement_map>
   <cptbl_list>
      <cptbl>
         <name>__TI_cinit_table</name>
         <cprec>
            <name>.bss</name>
            <load_address>0x2648</load_address>
            <load_size>0x8</load_size>
            <run_address>0x20000000</run_address>
            <run_size>0x4100</run_size>
            <compression>zero_init</compression>
         </cprec>
      </cptbl>
   </cptbl_list>
   <handler_table>
      <handler_table_name>__TI_handler_table</handler_table_name>
      <handler>
         <index>0x0</index>
         <name>__TI_zero_init</name>
      </handler>
   </handler_table>
   <symbol_table>
      <symbol id="sm-1">
         <name>WDTCTL_SYM</name>
         <value>0x4000480c</value>
      </symbol>
      <symbol id="sm-2">
         <name>__TI_CINIT_Base</name>
         <value>0x2654</value>
      </symbol>
      <symbol id="sm-3">
         <name>__TI_CINIT_Limit</name>
         <value>0x265c</value>
      </symbol>
      <symbol id="sm-4">
         <name>__TI_Handler_Table_Base</name>
         <value>0x2650</value>
      </symbol>
      <symbol id="sm-5">
         <name>__TI_Handler_Table_Limit</name>
         <value>0x2654</value>
      </symbol>
      <symbol id="sm-6">
         <name>binit</name>
         <value>0xffffffff</value>
      </symbol>
      <symbol id="sm-7">
         <name>__binit__</name>
         <value>0xffffffff</value>
      </symbol>
      <symbol id="sm-8">
         <name>__STACK_SIZE</name>
         <value>0x200</value>
      </symbol>
      <symbol id="sm-9">
         <name>__STACK_END</name>
         <value>0x20010000</value>
      </symbol>
      <symbol id="sm-a">
         <name>__c_args__</name>
         <value>0xffffffff</value>
      </symbol>
      <symbol id="sm-b">
         <name>__TI_pprof_out_hndl</name>
         <value>0xffffffff</value>
      </symbol>
      <symbol id="sm-c">
         <name>__TI_prof_data_start</name>
         <value>0xffffffff</value>
      </symbol>
      <symbol id="sm-d">
         <name>__TI_prof_data_size</name>
         <value>0xffffffff</value>
      </symbol>
      <symbol id="sm-a9">
         <name>dataSet_01</name>
         <value>0x20000000</value>
      </symbol>
      <symbol id="sm-aa">
         <name>dataSet_02</name>
         <value>0x20001fc0</value>
      </symbol>
      <symbol id="sm-ab">
         <name>dataSet0Ready</name>
         <value>0x20003fa0</value>
      </symbol>
      <symbol id="sm-ac">
         <name>pingTask</name>
         <value>0x20003f80</value>
      </symbol>
      <symbol id="sm-ad">
         <name>pongTask</name>
         <value>0x20003f90</value>
      </symbol>
      <symbol id="sm-ae">
         <name>AdcDmaSeq_01</name>
         <value>0xe4</value>
         <object_component_ref idref="oc-dd"/>
      </symbol>
      <symbol id="sm-af">
         <name>AdcDmaSeq_02</name>
         <value>0x10e4</value>
         <object_component_ref idref="oc-d9"/>
      </symbol>
      <symbol id="sm-b0">
         <name>pwmConfig</name>
         <value>0x20e4</value>
         <object_component_ref idref="oc-e1"/>
      </symbol>
      <symbol id="sm-b1">
         <name>forceP1B3ISR</name>
         <value>0x20fd</value>
         <object_component_ref idref="oc-14c"/>
      </symbol>
      <symbol id="sm-b2">
         <name>PORT1_IRQHandler</name>
         <value>0x254d</value>
         <object_component_ref idref="oc-70"/>
      </symbol>
      <symbol id="sm-b3">
         <name>forceP1B2ISR</name>
         <value>0x20fc</value>
         <object_component_ref idref="oc-14c"/>
      </symbol>
      <symbol id="sm-b4">
         <name>main</name>
         <value>0x2101</value>
         <object_component_ref idref="oc-9c"/>
      </symbol>
      <symbol id="sm-cc">
         <name>SystemInit</name>
         <value>0x24d5</value>
         <object_component_ref idref="oc-ae"/>
      </symbol>
      <symbol id="sm-ea">
         <name>Reset_Handler</name>
         <value>0x2625</value>
         <object_component_ref idref="oc-64"/>
      </symbol>
      <symbol id="sm-eb">
         <name>Default_Handler</name>
         <value>0x24d3</value>
         <object_component_ref idref="oc-6a"/>
      </symbol>
      <symbol id="sm-ec">
         <name>interruptVectors</name>
         <value>0x0</value>
         <object_component_ref idref="oc-23"/>
      </symbol>
      <symbol id="sm-107">
         <name>__TI_zero_init</name>
         <value>0x2631</value>
         <object_component_ref idref="oc-46"/>
      </symbol>
      <symbol id="sm-11c">
         <name>__stack</name>
         <value>0x2000fe00</value>
         <object_component_ref idref="oc-26"/>
      </symbol>
      <symbol id="sm-11d">
         <name>_c_int00_noargs</name>
         <value>0x25ed</value>
         <object_component_ref idref="oc-52"/>
      </symbol>
      <symbol id="sm-128">
         <name>C$$EXIT</name>
         <value>0x2641</value>
         <object_component_ref idref="oc-ea"/>
      </symbol>
      <symbol id="sm-129">
         <name>abort</name>
         <value>0x2641</value>
         <object_component_ref idref="oc-ea"/>
      </symbol>
      <symbol id="sm-13a">
         <name>__aeabi_memset</name>
         <value>0x245b</value>
         <object_component_ref idref="oc-90"/>
      </symbol>
      <symbol id="sm-13b">
         <name>memset</name>
         <value>0x2461</value>
         <object_component_ref idref="oc-90"/>
      </symbol>
      <symbol id="sm-13c">
         <name>__aeabi_memset8</name>
         <value>0x245b</value>
         <object_component_ref idref="oc-90"/>
      </symbol>
      <symbol id="sm-13d">
         <name>__aeabi_memset4</name>
         <value>0x245b</value>
         <object_component_ref idref="oc-90"/>
      </symbol>
      <symbol id="sm-13e">
         <name>__aeabi_memclr8</name>
         <value>0x2459</value>
         <object_component_ref idref="oc-90"/>
      </symbol>
      <symbol id="sm-13f">
         <name>__aeabi_memclr4</name>
         <value>0x2459</value>
         <object_component_ref idref="oc-90"/>
      </symbol>
      <symbol id="sm-140">
         <name>__aeabi_memclr</name>
         <value>0x2459</value>
         <object_component_ref idref="oc-90"/>
      </symbol>
      <symbol id="sm-169">
         <name>__TI_auto_init_nobinit_nopinit</name>
         <value>0x25a9</value>
         <object_component_ref idref="oc-f6"/>
      </symbol>
      <symbol id="sm-173">
         <name>_system_pre_init</name>
         <value>0x263d</value>
         <object_component_ref idref="oc-96"/>
      </symbol>
      <symbol id="sm-175">
         <name>__TI_static_base__</name>
         <value>0x0</value>
      </symbol>
      <symbol id="sm-177">
         <name>__mpu_init</name>
         <value>0x0</value>
      </symbol>
      <symbol id="sm-178">
         <name>_system_post_cinit</name>
         <value>0x0</value>
      </symbol>
      <symbol id="sm-179">
         <name>NMI_Handler</name>
         <value>0x24d3</value>
      </symbol>
      <symbol id="sm-17a">
         <name>HardFault_Handler</name>
         <value>0x24d3</value>
      </symbol>
      <symbol id="sm-17b">
         <name>MemManage_Handler</name>
         <value>0x24d3</value>
      </symbol>
      <symbol id="sm-17c">
         <name>BusFault_Handler</name>
         <value>0x24d3</value>
      </symbol>
      <symbol id="sm-17d">
         <name>UsageFault_Handler</name>
         <value>0x24d3</value>
      </symbol>
      <symbol id="sm-17e">
         <name>SVC_Handler</name>
         <value>0x24d3</value>
      </symbol>
      <symbol id="sm-17f">
         <name>DebugMon_Handler</name>
         <value>0x24d3</value>
      </symbol>
      <symbol id="sm-180">
         <name>PendSV_Handler</name>
         <value>0x24d3</value>
      </symbol>
      <symbol id="sm-181">
         <name>SysTick_Handler</name>
         <value>0x24d3</value>
      </symbol>
      <symbol id="sm-182">
         <name>PSS_IRQHandler</name>
         <value>0x24d3</value>
      </symbol>
      <symbol id="sm-183">
         <name>CS_IRQHandler</name>
         <value>0x24d3</value>
      </symbol>
      <symbol id="sm-184">
         <name>PCM_IRQHandler</name>
         <value>0x24d3</value>
      </symbol>
      <symbol id="sm-185">
         <name>WDT_A_IRQHandler</name>
         <value>0x24d3</value>
      </symbol>
      <symbol id="sm-186">
         <name>FPU_IRQHandler</name>
         <value>0x24d3</value>
      </symbol>
      <symbol id="sm-187">
         <name>FLCTL_IRQHandler</name>
         <value>0x24d3</value>
      </symbol>
      <symbol id="sm-188">
         <name>COMP_E0_IRQHandler</name>
         <value>0x24d3</value>
      </symbol>
      <symbol id="sm-189">
         <name>COMP_E1_IRQHandler</name>
         <value>0x24d3</value>
      </symbol>
      <symbol id="sm-18a">
         <name>TA0_0_IRQHandler</name>
         <value>0x24d3</value>
      </symbol>
      <symbol id="sm-18b">
         <name>TA0_N_IRQHandler</name>
         <value>0x24d3</value>
      </symbol>
      <symbol id="sm-18c">
         <name>TA1_0_IRQHandler</name>
         <value>0x24d3</value>
      </symbol>
      <symbol id="sm-18d">
         <name>TA1_N_IRQHandler</name>
         <value>0x24d3</value>
      </symbol>
      <symbol id="sm-18e">
         <name>TA2_0_IRQHandler</name>
         <value>0x24d3</value>
      </symbol>
      <symbol id="sm-18f">
         <name>TA2_N_IRQHandler</name>
         <value>0x24d3</value>
      </symbol>
      <symbol id="sm-190">
         <name>TA3_0_IRQHandler</name>
         <value>0x24d3</value>
      </symbol>
      <symbol id="sm-191">
         <name>TA3_N_IRQHandler</name>
         <value>0x24d3</value>
      </symbol>
      <symbol id="sm-192">
         <name>EUSCIA0_IRQHandler</name>
         <value>0x24d3</value>
      </symbol>
      <symbol id="sm-193">
         <name>EUSCIA1_IRQHandler</name>
         <value>0x24d3</value>
      </symbol>
      <symbol id="sm-194">
         <name>EUSCIA2_IRQHandler</name>
         <value>0x24d3</value>
      </symbol>
      <symbol id="sm-195">
         <name>EUSCIA3_IRQHandler</name>
         <value>0x24d3</value>
      </symbol>
      <symbol id="sm-196">
         <name>EUSCIB0_IRQHandler</name>
         <value>0x24d3</value>
      </symbol>
      <symbol id="sm-197">
         <name>EUSCIB1_IRQHandler</name>
         <value>0x24d3</value>
      </symbol>
      <symbol id="sm-198">
         <name>EUSCIB2_IRQHandler</name>
         <value>0x24d3</value>
      </symbol>
      <symbol id="sm-199">
         <name>EUSCIB3_IRQHandler</name>
         <value>0x24d3</value>
      </symbol>
      <symbol id="sm-19a">
         <name>ADC14_IRQHandler</name>
         <value>0x24d3</value>
      </symbol>
      <symbol id="sm-19b">
         <name>T32_INT1_IRQHandler</name>
         <value>0x24d3</value>
      </symbol>
      <symbol id="sm-19c">
         <name>T32_INT2_IRQHandler</name>
         <value>0x24d3</value>
      </symbol>
      <symbol id="sm-19d">
         <name>T32_INTC_IRQHandler</name>
         <value>0x24d3</value>
      </symbol>
      <symbol id="sm-19e">
         <name>AES256_IRQHandler</name>
         <value>0x24d3</value>
      </symbol>
      <symbol id="sm-19f">
         <name>RTC_C_IRQHandler</name>
         <value>0x24d3</value>
      </symbol>
      <symbol id="sm-1a0">
         <name>DMA_ERR_IRQHandler</name>
         <value>0x24d3</value>
      </symbol>
      <symbol id="sm-1a1">
         <name>DMA_INT3_IRQHandler</name>
         <value>0x24d3</value>
      </symbol>
      <symbol id="sm-1a2">
         <name>DMA_INT2_IRQHandler</name>
         <value>0x24d3</value>
      </symbol>
      <symbol id="sm-1a3">
         <name>DMA_INT1_IRQHandler</name>
         <value>0x24d3</value>
      </symbol>
      <symbol id="sm-1a4">
         <name>DMA_INT0_IRQHandler</name>
         <value>0x24d3</value>
      </symbol>
      <symbol id="sm-1a5">
         <name>PORT1_IRQHandler</name>
         <value>0x254d</value>
      </symbol>
      <symbol id="sm-1a6">
         <name>PORT2_IRQHandler</name>
         <value>0x24d3</value>
      </symbol>
      <symbol id="sm-1a7">
         <name>PORT3_IRQHandler</name>
         <value>0x24d3</value>
      </symbol>
      <symbol id="sm-1a8">
         <name>PORT4_IRQHandler</name>
         <value>0x24d3</value>
      </symbol>
      <symbol id="sm-1a9">
         <name>PORT5_IRQHandler</name>
         <value>0x24d3</value>
      </symbol>
      <symbol id="sm-1aa">
         <name>PORT6_IRQHandler</name>
         <value>0x24d3</value>
      </symbol>
   </symbol_table>
   <title>Link successful</title>
</link_info>
