******************************************************************************
                  TI ARM Linker PC v18.1.2                     
******************************************************************************
>> Linked Sun May 12 21:47:35 2019

OUTPUT FILE NAME:   <MSP432_DMA_MULTI7.out>
ENTRY POINT SYMBOL: "_c_int00_noargs"  address: 00001811


MEMORY CONFIGURATION

         name            origin    length      used     unused   attr    fill
----------------------  --------  ---------  --------  --------  ----  --------
  MAIN                  00000000   00040000  0000187a  0003e786  R  X
  INFO                  00200000   00004000  00000000  00004000  R  X
  SRAM_CODE             01000000   00010000  00008321  00007cdf  RW X
  SRAM_DATA             20000000   00010000  00008321  00007cdf  RW  


SEGMENT ALLOCATION MAP

run origin  load origin   length   init length attrs members
----------  ----------- ---------- ----------- ----- -------
00000000    00000000    0000187c   0000187c    r-x
  00000000    00000000    000000e4   000000e4    r-- .intvecs
  000000e4    000000e4    0000105a   0000105a    r-- .const
  00001140    00001140    00000728   00000728    r-x .text
  00001868    00001868    00000014   00000014    r-- .cinit
20000000    20000000    00008121   00000000    rw-
  20000000    20000000    00008121   00000000    rw- .bss
2000fe00    2000fe00    00000200   00000000    rw-
  2000fe00    2000fe00    00000200   00000000    rw- .stack


SECTION ALLOCATION MAP

 output                                  attributes/
section   page    origin      length       input sections
--------  ----  ----------  ----------   ----------------
.intvecs   0    00000000    000000e4     
                  00000000    000000e4     startup_msp432p401r_ccs.obj (.intvecs:retain)

.const     0    000000e4    0000105a     
                  000000e4    00000820     ADC_DMA_8_CANALES.obj (.const:AdcDmaSeq_01)
                  00000904    00000820     ADC_DMA_8_CANALES.obj (.const:AdcDmaSeq_02)
                  00001124    00000018     ADC_DMA_8_CANALES.obj (.const:pwmConfig)
                  0000113c    00000002     ADC_DMA_8_CANALES.obj (.const)

.text      0    00001140    00000728     
                  00001140    0000053c     ADC_DMA_8_CANALES.obj (.text:main)
                  0000167c    0000007a     rtsv7M4_T_le_v4SPD16_eabi.lib : memset_t2.asm.obj (.text)
                  000016f6    00000002     startup_msp432p401r_ccs.obj (.text:Default_Handler)
                  000016f8    00000078     system_msp432p401r.obj (.text:SystemInit)
                  00001770    0000005c     ADC_DMA_8_CANALES.obj (.text:PORT1_IRQHandler)
                  000017cc    00000044     rtsv7M4_T_le_v4SPD16_eabi.lib : autoinit.c.obj (.text:__TI_auto_init_nobinit_nopinit:__TI_auto_init_nobinit_nopinit)
                  00001810    00000038                                   : boot_cortex_m.c.obj (.text:_c_int00_noargs:_c_int00_noargs)
                  00001848    0000000c     startup_msp432p401r_ccs.obj (.text:Reset_Handler)
                  00001854    0000000c     rtsv7M4_T_le_v4SPD16_eabi.lib : copy_zero_init.c.obj (.text:decompress:ZI:__TI_zero_init)
                  00001860    00000004                                   : pre_init.c.obj (.text:_system_pre_init)
                  00001864    00000004                                   : exit.c.obj (.text:abort:abort)

.cinit     0    00001868    00000014     
                  00001868    00000008     (.cinit..bss.load) [load image, compression = zero_init]
                  00001870    00000004     (__TI_handler_table)
                  00001874    00000008     (__TI_cinit_table)

.init_array 
*          0    00000000    00000000     UNINITIALIZED

.binit     0    00000000    00000000     

.bss       0    20000000    00008121     UNINITIALIZED
                  20000000    00004000     (.common:dataSet_01)
                  20004000    00004000     (.common:dataSet_02)
                  20008000    00000100     ADC_DMA_8_CANALES.obj (.bss:MSP_EXP432P401RLP_DMAControlTable)
                  20008100    00000010     (.common:pingTask)
                  20008110    00000010     (.common:pongTask)
                  20008120    00000001     (.common:dataSet0Ready)

.stack     0    2000fe00    00000200     UNINITIALIZED
                  2000fe00    00000004     rtsv7M4_T_le_v4SPD16_eabi.lib : boot_cortex_m.c.obj (.stack)
                  2000fe04    000001fc     --HOLE--

MODULE SUMMARY

       Module                        code   ro data   rw data
       ------                        ----   -------   -------
    .\
       ADC_DMA_8_CANALES.obj         1432   4186      66114  
       system_msp432p401r.obj        120    0         0      
    +--+-----------------------------+------+---------+---------+
       Total:                        1552   4186      66114  
                                                             
    .\ccs\
       startup_msp432p401r_ccs.obj   14     228       0      
    +--+-----------------------------+------+---------+---------+
       Total:                        14     228       0      
                                                             
    C:\ti\ccsv8\tools\compiler\ti-cgt-arm_18.1.2.LTS\lib\rtsv7M4_T_le_v4SPD16_eabi.lib
       memset_t2.asm.obj             122    0         0      
       autoinit.c.obj                68     0         0      
       boot_cortex_m.c.obj           56     0         0      
       copy_zero_init.c.obj          12     0         0      
       exit.c.obj                    4      0         0      
       pre_init.c.obj                4      0         0      
    +--+-----------------------------+------+---------+---------+
       Total:                        266    0         0      
                                                             
       Stack:                        0      0         1024   
       Linker Generated:             0      20        0      
    +--+-----------------------------+------+---------+---------+
       Grand Total:                  1832   4434      67138  


LINKER GENERATED COPY TABLES

__TI_cinit_table @ 00001874 records: 1, size/record: 8, table size: 8
	.bss: load addr=00001868, load size=00000008 bytes, run addr=20000000, run size=00008121 bytes, compression=zero_init


LINKER GENERATED HANDLER TABLE

__TI_handler_table @ 00001870 records: 1, size/record: 4, table size: 4
	index: 0, handler: __TI_zero_init


GLOBAL SYMBOLS: SORTED ALPHABETICALLY BY Name 

address   name                          
-------   ----                          
000016f7  ADC14_IRQHandler              
000016f7  AES256_IRQHandler             
000000e4  AdcDmaSeq_01                  
00000904  AdcDmaSeq_02                  
000016f7  BusFault_Handler              
00001865  C$$EXIT                       
000016f7  COMP_E0_IRQHandler            
000016f7  COMP_E1_IRQHandler            
000016f7  CS_IRQHandler                 
000016f7  DMA_ERR_IRQHandler            
000016f7  DMA_INT0_IRQHandler           
000016f7  DMA_INT1_IRQHandler           
000016f7  DMA_INT2_IRQHandler           
000016f7  DMA_INT3_IRQHandler           
000016f7  DebugMon_Handler              
000016f7  Default_Handler               
000016f7  EUSCIA0_IRQHandler            
000016f7  EUSCIA1_IRQHandler            
000016f7  EUSCIA2_IRQHandler            
000016f7  EUSCIA3_IRQHandler            
000016f7  EUSCIB0_IRQHandler            
000016f7  EUSCIB1_IRQHandler            
000016f7  EUSCIB2_IRQHandler            
000016f7  EUSCIB3_IRQHandler            
000016f7  FLCTL_IRQHandler              
000016f7  FPU_IRQHandler                
000016f7  HardFault_Handler             
000016f7  MemManage_Handler             
000016f7  NMI_Handler                   
000016f7  PCM_IRQHandler                
00001771  PORT1_IRQHandler              
00001771  PORT1_IRQHandler              
000016f7  PORT2_IRQHandler              
000016f7  PORT3_IRQHandler              
000016f7  PORT4_IRQHandler              
000016f7  PORT5_IRQHandler              
000016f7  PORT6_IRQHandler              
000016f7  PSS_IRQHandler                
000016f7  PendSV_Handler                
000016f7  RTC_C_IRQHandler              
00001849  Reset_Handler                 
000016f7  SVC_Handler                   
000016f7  SysTick_Handler               
000016f9  SystemInit                    
000016f7  T32_INT1_IRQHandler           
000016f7  T32_INT2_IRQHandler           
000016f7  T32_INTC_IRQHandler           
000016f7  TA0_0_IRQHandler              
000016f7  TA0_N_IRQHandler              
000016f7  TA1_0_IRQHandler              
000016f7  TA1_N_IRQHandler              
000016f7  TA2_0_IRQHandler              
000016f7  TA2_N_IRQHandler              
000016f7  TA3_0_IRQHandler              
000016f7  TA3_N_IRQHandler              
000016f7  UsageFault_Handler            
4000480c  WDTCTL_SYM                    
000016f7  WDT_A_IRQHandler              
20010000  __STACK_END                   
00000200  __STACK_SIZE                  
00001874  __TI_CINIT_Base               
0000187c  __TI_CINIT_Limit              
00001870  __TI_Handler_Table_Base       
00001874  __TI_Handler_Table_Limit      
000017cd  __TI_auto_init_nobinit_nopinit
ffffffff  __TI_pprof_out_hndl           
ffffffff  __TI_prof_data_size           
ffffffff  __TI_prof_data_start          
00000000  __TI_static_base__            
00001855  __TI_zero_init                
0000167d  __aeabi_memclr                
0000167d  __aeabi_memclr4               
0000167d  __aeabi_memclr8               
0000167f  __aeabi_memset                
0000167f  __aeabi_memset4               
0000167f  __aeabi_memset8               
ffffffff  __binit__                     
ffffffff  __c_args__                    
UNDEFED   __mpu_init                    
2000fe00  __stack                       
00001811  _c_int00_noargs               
UNDEFED   _system_post_cinit            
00001861  _system_pre_init              
00001865  abort                         
ffffffff  binit                         
20008120  dataSet0Ready                 
20000000  dataSet_01                    
20004000  dataSet_02                    
0000113c  forceP1B2ISR                  
0000113d  forceP1B3ISR                  
00000000  interruptVectors              
00001141  main                          
00001685  memset                        
20008100  pingTask                      
20008110  pongTask                      
00001124  pwmConfig                     


GLOBAL SYMBOLS: SORTED BY Symbol Address 

address   name                          
-------   ----                          
00000000  __TI_static_base__            
00000000  interruptVectors              
000000e4  AdcDmaSeq_01                  
00000200  __STACK_SIZE                  
00000904  AdcDmaSeq_02                  
00001124  pwmConfig                     
0000113c  forceP1B2ISR                  
0000113d  forceP1B3ISR                  
00001141  main                          
0000167d  __aeabi_memclr                
0000167d  __aeabi_memclr4               
0000167d  __aeabi_memclr8               
0000167f  __aeabi_memset                
0000167f  __aeabi_memset4               
0000167f  __aeabi_memset8               
00001685  memset                        
000016f7  ADC14_IRQHandler              
000016f7  AES256_IRQHandler             
000016f7  BusFault_Handler              
000016f7  COMP_E0_IRQHandler            
000016f7  COMP_E1_IRQHandler            
000016f7  CS_IRQHandler                 
000016f7  DMA_ERR_IRQHandler            
000016f7  DMA_INT0_IRQHandler           
000016f7  DMA_INT1_IRQHandler           
000016f7  DMA_INT2_IRQHandler           
000016f7  DMA_INT3_IRQHandler           
000016f7  DebugMon_Handler              
000016f7  Default_Handler               
000016f7  EUSCIA0_IRQHandler            
000016f7  EUSCIA1_IRQHandler            
000016f7  EUSCIA2_IRQHandler            
000016f7  EUSCIA3_IRQHandler            
000016f7  EUSCIB0_IRQHandler            
000016f7  EUSCIB1_IRQHandler            
000016f7  EUSCIB2_IRQHandler            
000016f7  EUSCIB3_IRQHandler            
000016f7  FLCTL_IRQHandler              
000016f7  FPU_IRQHandler                
000016f7  HardFault_Handler             
000016f7  MemManage_Handler             
000016f7  NMI_Handler                   
000016f7  PCM_IRQHandler                
000016f7  PORT2_IRQHandler              
000016f7  PORT3_IRQHandler              
000016f7  PORT4_IRQHandler              
000016f7  PORT5_IRQHandler              
000016f7  PORT6_IRQHandler              
000016f7  PSS_IRQHandler                
000016f7  PendSV_Handler                
000016f7  RTC_C_IRQHandler              
000016f7  SVC_Handler                   
000016f7  SysTick_Handler               
000016f7  T32_INT1_IRQHandler           
000016f7  T32_INT2_IRQHandler           
000016f7  T32_INTC_IRQHandler           
000016f7  TA0_0_IRQHandler              
000016f7  TA0_N_IRQHandler              
000016f7  TA1_0_IRQHandler              
000016f7  TA1_N_IRQHandler              
000016f7  TA2_0_IRQHandler              
000016f7  TA2_N_IRQHandler              
000016f7  TA3_0_IRQHandler              
000016f7  TA3_N_IRQHandler              
000016f7  UsageFault_Handler            
000016f7  WDT_A_IRQHandler              
000016f9  SystemInit                    
00001771  PORT1_IRQHandler              
00001771  PORT1_IRQHandler              
000017cd  __TI_auto_init_nobinit_nopinit
00001811  _c_int00_noargs               
00001849  Reset_Handler                 
00001855  __TI_zero_init                
00001861  _system_pre_init              
00001865  C$$EXIT                       
00001865  abort                         
00001870  __TI_Handler_Table_Base       
00001874  __TI_CINIT_Base               
00001874  __TI_Handler_Table_Limit      
0000187c  __TI_CINIT_Limit              
20000000  dataSet_01                    
20004000  dataSet_02                    
20008100  pingTask                      
20008110  pongTask                      
20008120  dataSet0Ready                 
2000fe00  __stack                       
20010000  __STACK_END                   
4000480c  WDTCTL_SYM                    
ffffffff  __TI_pprof_out_hndl           
ffffffff  __TI_prof_data_size           
ffffffff  __TI_prof_data_start          
ffffffff  __binit__                     
ffffffff  __c_args__                    
ffffffff  binit                         
UNDEFED   __mpu_init                    
UNDEFED   _system_post_cinit            

[96 symbols]
