******************************************************************************
                  TI ARM Linker PC v18.1.2                     
******************************************************************************
>> Linked Wed May  8 23:34:30 2019

OUTPUT FILE NAME:   <MSP432_DMA_MULTI.out>
ENTRY POINT SYMBOL: "_c_int00_noargs"  address: 00000cf5


MEMORY CONFIGURATION

         name            origin    length      used     unused   attr    fill
----------------------  --------  ---------  --------  --------  ----  --------
  MAIN                  00000000   00040000  00000ec8  0003f138  R  X
  INFO                  00200000   00004000  00000000  00004000  R  X
  SRAM_CODE             01000000   00010000  00000c38  0000f3c8  RW X
  SRAM_DATA             20000000   00010000  00000c38  0000f3c8  RW  


SEGMENT ALLOCATION MAP

run origin  load origin   length   init length attrs members
----------  ----------- ---------- ----------- ----- -------
00000000    00000000    00000ec8   00000ec8    r-x
  00000000    00000000    000000e4   000000e4    r-- .intvecs
  000000e4    000000e4    00000ce4   00000ce4    r-x .text
  00000dc8    00000dc8    000000b0   000000b0    r-- .const
  00000e78    00000e78    00000050   00000050    r-- .cinit
20000000    20000000    00000a38   00000000    rw-
  20000000    20000000    00000a00   00000000    rw- .bss
  20000a00    20000a00    00000038   00000000    rw- .data
2000fe00    2000fe00    00000200   00000000    rw-
  2000fe00    2000fe00    00000200   00000000    rw- .stack


SECTION ALLOCATION MAP

 output                                  attributes/
section   page    origin      length       input sections
--------  ----  ----------  ----------   ----------------
.intvecs   0    00000000    000000e4     
                  00000000    000000e4     startup_msp432p401r_ccs.obj (.intvecs:retain)

.text      0    000000e4    00000ce4     
                  000000e4    000001d8     main.obj (.text:main)
                  000002bc    00000160     msp432p4xx_driverlib.lib : adc14.o (.text:_getIndexForMemRegister)
                  0000041c    00000144                              : timer_a.o (.text:privateTimer_AProcessClockSourceDivider)
                  00000560    000000f0                              : dma.o (.text:DMA_setChannelTransfer)
                  00000650    000000a8                              : adc14.o (.text:ADC14_configureMultiSequenceMode)
                  000006f8    000000a4                              : adc14.o (.text:ADC14_configureConversionMemory)
                  0000079c    0000009c     rtsv7M4_T_le_v4SPD16_eabi.lib : memcpy_t2.asm.obj (.text)
                  00000838    00000088     msp432p4xx_driverlib.lib : gpio.o (.text:GPIO_setAsPeripheralModuleFunctionInputPin)
                  000008c0    00000080                              : dma.o (.text:DMA_getChannelAttribute)
                  00000940    0000007a     rtsv7M4_T_le_v4SPD16_eabi.lib : memset_t2.asm.obj (.text)
                  000009ba    00000002     startup_msp432p401r_ccs.obj (.text:Default_Handler)
                  000009bc    00000078     system_msp432p401r.obj (.text:SystemInit)
                  00000a34    00000074     msp432p4xx_driverlib.lib : timer_a.o (.text:Timer_A_generatePWM)
                  00000aa8    00000068     rtsv7M4_T_le_v4SPD16_eabi.lib : copy_decompress_lzss.c.obj (.text:decompress:lzss:__TI_decompress_lzss)
                  00000b10    00000064     main.obj (.text:DMA_INT1_IRQHandler)
                  00000b74    00000064     msp432p4xx_driverlib.lib : dma.o (.text:DMA_disableChannelAttribute)
                  00000bd8    00000054                              : adc14.o (.text:ADC14_initModule)
                  00000c2c    00000048                              : adc14.o (.text:ADC14_setSampleHoldTrigger)
                  00000c74    00000044     rtsv7M4_T_le_v4SPD16_eabi.lib : autoinit.c.obj (.text:__TI_auto_init_nobinit_nopinit:__TI_auto_init_nobinit_nopinit)
                  00000cb8    0000003c     msp432p4xx_driverlib.lib : dma.o (.text:DMA_setChannelControl)
                  00000cf4    00000038     rtsv7M4_T_le_v4SPD16_eabi.lib : boot_cortex_m.c.obj (.text:_c_int00_noargs:_c_int00_noargs)
                  00000d2c    00000030     msp432p4xx_driverlib.lib : adc14.o (.text:ADC14_setResultFormat)
                  00000d5c    00000014                              : dma.o (.text:DMA_setControlBase)
                  00000d70    00000010                              : adc14.o (.text:ADCIsConversionRunning)
                  00000d80    0000000e     rtsv7M4_T_le_v4SPD16_eabi.lib : copy_decompress_none.c.obj (.text:decompress:none:__TI_decompress_none)
                  00000d8e    00000002     --HOLE-- [fill = 0]
                  00000d90    0000000c     msp432p4xx_driverlib.lib : adc14.o (.text:ADC14_enableModule)
                  00000d9c    0000000c                              : dma.o (.text:DMA_enableModule)
                  00000da8    0000000c     startup_msp432p401r_ccs.obj (.text:Reset_Handler)
                  00000db4    0000000c     rtsv7M4_T_le_v4SPD16_eabi.lib : copy_zero_init.c.obj (.text:decompress:ZI:__TI_zero_init)
                  00000dc0    00000004                                   : pre_init.c.obj (.text:_system_pre_init)
                  00000dc4    00000004                                   : exit.c.obj (.text:abort:abort)

.const     0    00000dc8    000000b0     
                  00000dc8    00000080     msp432p4xx_driverlib.lib : adc14.o (.const:_ctlRegs)
                  00000e48    00000030                              : gpio.o (.const:GPIO_PORT_TO_BASE)

.cinit     0    00000e78    00000050     
                  00000e78    00000028     (.cinit..data.load) [load image, compression = lzss]
                  00000ea0    0000000c     (__TI_handler_table)
                  00000eac    00000004     --HOLE-- [fill = 0]
                  00000eb0    00000008     (.cinit..bss.load) [load image, compression = zero_init]
                  00000eb8    00000010     (__TI_cinit_table)

.init_array 
*          0    00000000    00000000     UNINITIALIZED

.binit     0    00000000    00000000     

.bss       0    20000000    00000a00     UNINITIALIZED
                  20000000    00000400     (.common:data_array1)
                  20000400    00000400     (.common:data_array2)
                  20000800    00000200     main.obj (.bss:MSP_EXP432P401RLP_DMAControlTable)

.data      0    20000a00    00000038     UNINITIALIZED
                  20000a00    00000018     main.obj (.data)
                  20000a18    00000018     main.obj (.data:pwmConfig)
                  20000a30    00000008     main.obj (.data:DATOS)

.stack     0    2000fe00    00000200     UNINITIALIZED
                  2000fe00    00000004     rtsv7M4_T_le_v4SPD16_eabi.lib : boot_cortex_m.c.obj (.stack)
                  2000fe04    000001fc     --HOLE--

MODULE SUMMARY

       Module                        code   ro data   rw data
       ------                        ----   -------   -------
    .\
       main.obj                      572    0         5232   
       system_msp432p401r.obj        120    0         0      
    +--+-----------------------------+------+---------+---------+
       Total:                        692    0         5232   
                                                             
    .\ccs\
       startup_msp432p401r_ccs.obj   14     228       0      
    +--+-----------------------------+------+---------+---------+
       Total:                        14     228       0      
                                                             
    C:/ti/simplelink_msp432p4_sdk_2_20_00_12/source/ti/devices/msp432p4xx/driverlib/ccs/msp432p4xx_driverlib.lib
       adc14.o                       916    128       0      
       dma.o                         560    0         0      
       timer_a.o                     440    0         0      
       gpio.o                        136    48        0      
    +--+-----------------------------+------+---------+---------+
       Total:                        2052   176       0      
                                                             
    C:\ti\ccsv8\tools\compiler\ti-cgt-arm_18.1.2.LTS\lib\rtsv7M4_T_le_v4SPD16_eabi.lib
       memcpy_t2.asm.obj             156    0         0      
       memset_t2.asm.obj             122    0         0      
       copy_decompress_lzss.c.obj    104    0         0      
       autoinit.c.obj                68     0         0      
       boot_cortex_m.c.obj           56     0         0      
       copy_decompress_none.c.obj    14     0         0      
       copy_zero_init.c.obj          12     0         0      
       exit.c.obj                    4      0         0      
       pre_init.c.obj                4      0         0      
    +--+-----------------------------+------+---------+---------+
       Total:                        540    0         0      
                                                             
       Stack:                        0      0         1024   
       Linker Generated:             0      76        0      
    +--+-----------------------------+------+---------+---------+
       Grand Total:                  3298   480       6256   


LINKER GENERATED COPY TABLES

__TI_cinit_table @ 00000eb8 records: 2, size/record: 8, table size: 16
	.data: load addr=00000e78, load size=00000028 bytes, run addr=20000a00, run size=00000038 bytes, compression=lzss
	.bss: load addr=00000eb0, load size=00000008 bytes, run addr=20000000, run size=00000a00 bytes, compression=zero_init


LINKER GENERATED HANDLER TABLE

__TI_handler_table @ 00000ea0 records: 3, size/record: 4, table size: 12
	index: 0, handler: __TI_decompress_lzss
	index: 1, handler: __TI_decompress_none
	index: 2, handler: __TI_zero_init


GLOBAL SYMBOLS: SORTED ALPHABETICALLY BY Name 

address   name                                      
-------   ----                                      
000009bb  ADC14_IRQHandler                          
000006f9  ADC14_configureConversionMemory           
00000651  ADC14_configureMultiSequenceMode          
00000d91  ADC14_enableModule                        
00000bd9  ADC14_initModule                          
00000d2d  ADC14_setResultFormat                     
00000c2d  ADC14_setSampleHoldTrigger                
000009bb  AES256_IRQHandler                         
000009bb  BusFault_Handler                          
00000dc5  C$$EXIT                                   
000009bb  COMP_E0_IRQHandler                        
000009bb  COMP_E1_IRQHandler                        
000009bb  CS_IRQHandler                             
20000a30  DATOS                                     
000009bb  DMA_ERR_IRQHandler                        
000009bb  DMA_INT0_IRQHandler                       
00000b11  DMA_INT1_IRQHandler                       
00000b11  DMA_INT1_IRQHandler                       
000009bb  DMA_INT2_IRQHandler                       
000009bb  DMA_INT3_IRQHandler                       
00000b75  DMA_disableChannelAttribute               
00000d9d  DMA_enableModule                          
000008c1  DMA_getChannelAttribute                   
00000cb9  DMA_setChannelControl                     
00000561  DMA_setChannelTransfer                    
00000d5d  DMA_setControlBase                        
000009bb  DebugMon_Handler                          
000009bb  Default_Handler                           
000009bb  EUSCIA0_IRQHandler                        
000009bb  EUSCIA1_IRQHandler                        
000009bb  EUSCIA2_IRQHandler                        
000009bb  EUSCIA3_IRQHandler                        
000009bb  EUSCIB0_IRQHandler                        
000009bb  EUSCIB1_IRQHandler                        
000009bb  EUSCIB2_IRQHandler                        
000009bb  EUSCIB3_IRQHandler                        
000009bb  FLCTL_IRQHandler                          
000009bb  FPU_IRQHandler                            
00000839  GPIO_setAsPeripheralModuleFunctionInputPin
000009bb  HardFault_Handler                         
000009bb  MemManage_Handler                         
000009bb  NMI_Handler                               
000009bb  PCM_IRQHandler                            
000009bb  PORT1_IRQHandler                          
000009bb  PORT2_IRQHandler                          
000009bb  PORT3_IRQHandler                          
000009bb  PORT4_IRQHandler                          
000009bb  PORT5_IRQHandler                          
000009bb  PORT6_IRQHandler                          
000009bb  PSS_IRQHandler                            
000009bb  PendSV_Handler                            
000009bb  RTC_C_IRQHandler                          
00000da9  Reset_Handler                             
000009bb  SVC_Handler                               
000009bb  SysTick_Handler                           
000009bd  SystemInit                                
000009bb  T32_INT1_IRQHandler                       
000009bb  T32_INT2_IRQHandler                       
000009bb  T32_INTC_IRQHandler                       
000009bb  TA0_0_IRQHandler                          
000009bb  TA0_N_IRQHandler                          
000009bb  TA1_0_IRQHandler                          
000009bb  TA1_N_IRQHandler                          
000009bb  TA2_0_IRQHandler                          
000009bb  TA2_N_IRQHandler                          
000009bb  TA3_0_IRQHandler                          
000009bb  TA3_N_IRQHandler                          
00000a35  Timer_A_generatePWM                       
000009bb  UsageFault_Handler                        
4000480c  WDTCTL_SYM                                
000009bb  WDT_A_IRQHandler                          
20010000  __STACK_END                               
00000200  __STACK_SIZE                              
00000eb8  __TI_CINIT_Base                           
00000ec8  __TI_CINIT_Limit                          
00000ea0  __TI_Handler_Table_Base                   
00000eac  __TI_Handler_Table_Limit                  
00000c75  __TI_auto_init_nobinit_nopinit            
00000aa9  __TI_decompress_lzss                      
00000d81  __TI_decompress_none                      
ffffffff  __TI_pprof_out_hndl                       
ffffffff  __TI_prof_data_size                       
ffffffff  __TI_prof_data_start                      
00000000  __TI_static_base__                        
00000db5  __TI_zero_init                            
00000941  __aeabi_memclr                            
00000941  __aeabi_memclr4                           
00000941  __aeabi_memclr8                           
0000079d  __aeabi_memcpy                            
0000079d  __aeabi_memcpy4                           
0000079d  __aeabi_memcpy8                           
00000943  __aeabi_memset                            
00000943  __aeabi_memset4                           
00000943  __aeabi_memset8                           
ffffffff  __binit__                                 
ffffffff  __c_args__                                
UNDEFED   __mpu_init                                
2000fe00  __stack                                   
00000cf5  _c_int00_noargs                           
UNDEFED   _system_post_cinit                        
00000dc1  _system_pre_init                          
00000dc5  abort                                     
ffffffff  binit                                     
20000a14  color                                     
20000000  data_array1                               
20000400  data_array2                               
20000a08  doBitReverse                              
20000a00  fftSize                                   
20000a10  i                                         
20000a04  ifftFlag                                  
00000000  interruptVectors                          
000000e5  main                                      
0000079d  memcpy                                    
00000949  memset                                    
20000a18  pwmConfig                                 
20000a0c  switch_data                               


GLOBAL SYMBOLS: SORTED BY Symbol Address 

address   name                                      
-------   ----                                      
00000000  __TI_static_base__                        
00000000  interruptVectors                          
000000e5  main                                      
00000200  __STACK_SIZE                              
00000561  DMA_setChannelTransfer                    
00000651  ADC14_configureMultiSequenceMode          
000006f9  ADC14_configureConversionMemory           
0000079d  __aeabi_memcpy                            
0000079d  __aeabi_memcpy4                           
0000079d  __aeabi_memcpy8                           
0000079d  memcpy                                    
00000839  GPIO_setAsPeripheralModuleFunctionInputPin
000008c1  DMA_getChannelAttribute                   
00000941  __aeabi_memclr                            
00000941  __aeabi_memclr4                           
00000941  __aeabi_memclr8                           
00000943  __aeabi_memset                            
00000943  __aeabi_memset4                           
00000943  __aeabi_memset8                           
00000949  memset                                    
000009bb  ADC14_IRQHandler                          
000009bb  AES256_IRQHandler                         
000009bb  BusFault_Handler                          
000009bb  COMP_E0_IRQHandler                        
000009bb  COMP_E1_IRQHandler                        
000009bb  CS_IRQHandler                             
000009bb  DMA_ERR_IRQHandler                        
000009bb  DMA_INT0_IRQHandler                       
000009bb  DMA_INT2_IRQHandler                       
000009bb  DMA_INT3_IRQHandler                       
000009bb  DebugMon_Handler                          
000009bb  Default_Handler                           
000009bb  EUSCIA0_IRQHandler                        
000009bb  EUSCIA1_IRQHandler                        
000009bb  EUSCIA2_IRQHandler                        
000009bb  EUSCIA3_IRQHandler                        
000009bb  EUSCIB0_IRQHandler                        
000009bb  EUSCIB1_IRQHandler                        
000009bb  EUSCIB2_IRQHandler                        
000009bb  EUSCIB3_IRQHandler                        
000009bb  FLCTL_IRQHandler                          
000009bb  FPU_IRQHandler                            
000009bb  HardFault_Handler                         
000009bb  MemManage_Handler                         
000009bb  NMI_Handler                               
000009bb  PCM_IRQHandler                            
000009bb  PORT1_IRQHandler                          
000009bb  PORT2_IRQHandler                          
000009bb  PORT3_IRQHandler                          
000009bb  PORT4_IRQHandler                          
000009bb  PORT5_IRQHandler                          
000009bb  PORT6_IRQHandler                          
000009bb  PSS_IRQHandler                            
000009bb  PendSV_Handler                            
000009bb  RTC_C_IRQHandler                          
000009bb  SVC_Handler                               
000009bb  SysTick_Handler                           
000009bb  T32_INT1_IRQHandler                       
000009bb  T32_INT2_IRQHandler                       
000009bb  T32_INTC_IRQHandler                       
000009bb  TA0_0_IRQHandler                          
000009bb  TA0_N_IRQHandler                          
000009bb  TA1_0_IRQHandler                          
000009bb  TA1_N_IRQHandler                          
000009bb  TA2_0_IRQHandler                          
000009bb  TA2_N_IRQHandler                          
000009bb  TA3_0_IRQHandler                          
000009bb  TA3_N_IRQHandler                          
000009bb  UsageFault_Handler                        
000009bb  WDT_A_IRQHandler                          
000009bd  SystemInit                                
00000a35  Timer_A_generatePWM                       
00000aa9  __TI_decompress_lzss                      
00000b11  DMA_INT1_IRQHandler                       
00000b11  DMA_INT1_IRQHandler                       
00000b75  DMA_disableChannelAttribute               
00000bd9  ADC14_initModule                          
00000c2d  ADC14_setSampleHoldTrigger                
00000c75  __TI_auto_init_nobinit_nopinit            
00000cb9  DMA_setChannelControl                     
00000cf5  _c_int00_noargs                           
00000d2d  ADC14_setResultFormat                     
00000d5d  DMA_setControlBase                        
00000d81  __TI_decompress_none                      
00000d91  ADC14_enableModule                        
00000d9d  DMA_enableModule                          
00000da9  Reset_Handler                             
00000db5  __TI_zero_init                            
00000dc1  _system_pre_init                          
00000dc5  C$$EXIT                                   
00000dc5  abort                                     
00000ea0  __TI_Handler_Table_Base                   
00000eac  __TI_Handler_Table_Limit                  
00000eb8  __TI_CINIT_Base                           
00000ec8  __TI_CINIT_Limit                          
20000000  data_array1                               
20000400  data_array2                               
20000a00  fftSize                                   
20000a04  ifftFlag                                  
20000a08  doBitReverse                              
20000a0c  switch_data                               
20000a10  i                                         
20000a14  color                                     
20000a18  pwmConfig                                 
20000a30  DATOS                                     
2000fe00  __stack                                   
20010000  __STACK_END                               
4000480c  WDTCTL_SYM                                
ffffffff  __TI_pprof_out_hndl                       
ffffffff  __TI_prof_data_size                       
ffffffff  __TI_prof_data_start                      
ffffffff  __binit__                                 
ffffffff  __c_args__                                
ffffffff  binit                                     
UNDEFED   __mpu_init                                
UNDEFED   _system_post_cinit                        

[116 symbols]
