******************************************************************************
                  TI ARM Linker PC v18.1.2                     
******************************************************************************
>> Linked Fri May 10 19:15:34 2019

OUTPUT FILE NAME:   <MSP432_DMA_MULTI2.out>
ENTRY POINT SYMBOL: "_c_int00_noargs"  address: 00000739


MEMORY CONFIGURATION

         name            origin    length      used     unused   attr    fill
----------------------  --------  ---------  --------  --------  ----  --------
  MAIN                  00000000   00040000  000007bc  0003f844  R  X
  INFO                  00200000   00004000  00000000  00004000  R  X
  SRAM_CODE             01000000   00010000  00008300  00007d00  RW X
  SRAM_DATA             20000000   00010000  00008300  00007d00  RW  


SEGMENT ALLOCATION MAP

run origin  load origin   length   init length attrs members
----------  ----------- ---------- ----------- ----- -------
00000000    00000000    000007bc   000007bc    r-x
  00000000    00000000    000000e4   000000e4    r-- .intvecs
  000000e4    000000e4    000006ac   000006ac    r-x .text
  00000790    00000790    00000018   00000018    r-- .const
  000007a8    000007a8    00000014   00000014    r-- .cinit
20000000    20000000    00008100   00000000    rw-
  20000000    20000000    00008100   00000000    rw- .bss
2000fe00    2000fe00    00000200   00000000    rw-
  2000fe00    2000fe00    00000200   00000000    rw- .stack


SECTION ALLOCATION MAP

 output                                  attributes/
section   page    origin      length       input sections
--------  ----  ----------  ----------   ----------------
.intvecs   0    00000000    000000e4     
                  00000000    000000e4     startup_msp432p401r_ccs.obj (.intvecs:retain)

.text      0    000000e4    000006ac     
                  000000e4    00000250     main.obj (.text:main)
                  00000334    0000017c     main.obj (.text:DMA_INT1_IRQHandler)
                  000004b0    000000f0     msp432p4xx_driverlib.lib : dma.o (.text:DMA_setChannelTransfer)
                  000005a0    0000007a     rtsv7M4_T_le_v4SPD16_eabi.lib : memset_t2.asm.obj (.text)
                  0000061a    00000002     startup_msp432p401r_ccs.obj (.text:Default_Handler)
                  0000061c    00000078     system_msp432p401r.obj (.text:SystemInit)
                  00000694    00000060     main.obj (.text:PORT1_IRQHandler)
                  000006f4    00000044     rtsv7M4_T_le_v4SPD16_eabi.lib : autoinit.c.obj (.text:__TI_auto_init_nobinit_nopinit:__TI_auto_init_nobinit_nopinit)
                  00000738    00000038                                   : boot_cortex_m.c.obj (.text:_c_int00_noargs:_c_int00_noargs)
                  00000770    0000000c     startup_msp432p401r_ccs.obj (.text:Reset_Handler)
                  0000077c    0000000c     rtsv7M4_T_le_v4SPD16_eabi.lib : copy_zero_init.c.obj (.text:decompress:ZI:__TI_zero_init)
                  00000788    00000004                                   : pre_init.c.obj (.text:_system_pre_init)
                  0000078c    00000004                                   : exit.c.obj (.text:abort:abort)

.const     0    00000790    00000018     
                  00000790    00000018     main.obj (.const:timerA_PWM)

.cinit     0    000007a8    00000014     
                  000007a8    00000008     (.cinit..bss.load) [load image, compression = zero_init]
                  000007b0    00000004     (__TI_handler_table)
                  000007b4    00000008     (__TI_cinit_table)

.init_array 
*          0    00000000    00000000     UNINITIALIZED

.binit     0    00000000    00000000     

.bss       0    20000000    00008100     UNINITIALIZED
                  20000000    00007d00     (.common:resultsBuffer)
                  20007d00    00000004     (.common:arrayMode)
                  20007d04    00000004     (.common:arraySize)
                  20007d08    00000002     (.common:arrayOffset)
                  20007d0a    00000002     (.common:pingPongCounter)
                  20007d0c    000002f4     --HOLE--
                  20008000    00000100     main.obj (.bss:MSP_EXP432P401RLP_DMAControlTable)

.stack     0    2000fe00    00000200     UNINITIALIZED
                  2000fe00    00000004     rtsv7M4_T_le_v4SPD16_eabi.lib : boot_cortex_m.c.obj (.stack)
                  2000fe04    000001fc     --HOLE--

MODULE SUMMARY

       Module                        code   ro data   rw data
       ------                        ----   -------   -------
    .\
       main.obj                      1068   24        64536  
       system_msp432p401r.obj        120    0         0      
    +--+-----------------------------+------+---------+---------+
       Total:                        1188   24        64536  
                                                             
    .\ccs\
       startup_msp432p401r_ccs.obj   14     228       0      
    +--+-----------------------------+------+---------+---------+
       Total:                        14     228       0      
                                                             
    C:/ti/simplelink_msp432p4_sdk_2_20_00_12/source/ti/devices/msp432p4xx/driverlib/ccs/msp432p4xx_driverlib.lib
       dma.o                         240    0         0      
    +--+-----------------------------+------+---------+---------+
       Total:                        240    0         0      
                                                             
    C:\ti\ccsv8\tools\compiler\ti-cgt-arm_18.1.2.LTS\lib\rtsv7M4_T_le_v4SPD16_eabi.lib
       memset_t2.asm.obj             122    0         0      
       autoinit.c.obj                68     0         0      
       boot_cortex_m.c.obj           56     0         0      
       copy_zero_init.c.obj          12     0         0      
       exit.c.obj                    4      0         0      
       pre_init.c.obj                4      0         0      
    +--+-----------------------------+------+---------+---------+
       Total:                        266    0         0      
                                                             
       Stack:                        0      0         1024   
       Linker Generated:             0      20        0      
    +--+-----------------------------+------+---------+---------+
       Grand Total:                  1708   272       65560  


LINKER GENERATED COPY TABLES

__TI_cinit_table @ 000007b4 records: 1, size/record: 8, table size: 8
	.bss: load addr=000007a8, load size=00000008 bytes, run addr=20000000, run size=00008100 bytes, compression=zero_init


LINKER GENERATED HANDLER TABLE

__TI_handler_table @ 000007b0 records: 1, size/record: 4, table size: 4
	index: 0, handler: __TI_zero_init


GLOBAL SYMBOLS: SORTED ALPHABETICALLY BY Name 

address   name                          
-------   ----                          
0000061b  ADC14_IRQHandler              
0000061b  AES256_IRQHandler             
0000061b  BusFault_Handler              
0000078d  C$$EXIT                       
0000061b  COMP_E0_IRQHandler            
0000061b  COMP_E1_IRQHandler            
0000061b  CS_IRQHandler                 
0000061b  DMA_ERR_IRQHandler            
0000061b  DMA_INT0_IRQHandler           
00000335  DMA_INT1_IRQHandler           
00000335  DMA_INT1_IRQHandler           
0000061b  DMA_INT2_IRQHandler           
0000061b  DMA_INT3_IRQHandler           
000004b1  DMA_setChannelTransfer        
0000061b  DebugMon_Handler              
0000061b  Default_Handler               
0000061b  EUSCIA0_IRQHandler            
0000061b  EUSCIA1_IRQHandler            
0000061b  EUSCIA2_IRQHandler            
0000061b  EUSCIA3_IRQHandler            
0000061b  EUSCIB0_IRQHandler            
0000061b  EUSCIB1_IRQHandler            
0000061b  EUSCIB2_IRQHandler            
0000061b  EUSCIB3_IRQHandler            
0000061b  FLCTL_IRQHandler              
0000061b  FPU_IRQHandler                
0000061b  HardFault_Handler             
0000061b  MemManage_Handler             
0000061b  NMI_Handler                   
0000061b  PCM_IRQHandler                
00000695  PORT1_IRQHandler              
00000695  PORT1_IRQHandler              
0000061b  PORT2_IRQHandler              
0000061b  PORT3_IRQHandler              
0000061b  PORT4_IRQHandler              
0000061b  PORT5_IRQHandler              
0000061b  PORT6_IRQHandler              
0000061b  PSS_IRQHandler                
0000061b  PendSV_Handler                
0000061b  RTC_C_IRQHandler              
00000771  Reset_Handler                 
0000061b  SVC_Handler                   
0000061b  SysTick_Handler               
0000061d  SystemInit                    
0000061b  T32_INT1_IRQHandler           
0000061b  T32_INT2_IRQHandler           
0000061b  T32_INTC_IRQHandler           
0000061b  TA0_0_IRQHandler              
0000061b  TA0_N_IRQHandler              
0000061b  TA1_0_IRQHandler              
0000061b  TA1_N_IRQHandler              
0000061b  TA2_0_IRQHandler              
0000061b  TA2_N_IRQHandler              
0000061b  TA3_0_IRQHandler              
0000061b  TA3_N_IRQHandler              
0000061b  UsageFault_Handler            
4000480c  WDTCTL_SYM                    
0000061b  WDT_A_IRQHandler              
20010000  __STACK_END                   
00000200  __STACK_SIZE                  
000007b4  __TI_CINIT_Base               
000007bc  __TI_CINIT_Limit              
000007b0  __TI_Handler_Table_Base       
000007b4  __TI_Handler_Table_Limit      
000006f5  __TI_auto_init_nobinit_nopinit
ffffffff  __TI_pprof_out_hndl           
ffffffff  __TI_prof_data_size           
ffffffff  __TI_prof_data_start          
00000000  __TI_static_base__            
0000077d  __TI_zero_init                
000005a1  __aeabi_memclr                
000005a1  __aeabi_memclr4               
000005a1  __aeabi_memclr8               
000005a3  __aeabi_memset                
000005a3  __aeabi_memset4               
000005a3  __aeabi_memset8               
ffffffff  __binit__                     
ffffffff  __c_args__                    
UNDEFED   __mpu_init                    
2000fe00  __stack                       
00000739  _c_int00_noargs               
UNDEFED   _system_post_cinit            
00000789  _system_pre_init              
0000078d  abort                         
20007d00  arrayMode                     
20007d08  arrayOffset                   
20007d04  arraySize                     
ffffffff  binit                         
00000000  interruptVectors              
000000e5  main                          
000005a9  memset                        
20007d0a  pingPongCounter               
20000000  resultsBuffer                 
00000790  timerA_PWM                    


GLOBAL SYMBOLS: SORTED BY Symbol Address 

address   name                          
-------   ----                          
00000000  __TI_static_base__            
00000000  interruptVectors              
000000e5  main                          
00000200  __STACK_SIZE                  
00000335  DMA_INT1_IRQHandler           
00000335  DMA_INT1_IRQHandler           
000004b1  DMA_setChannelTransfer        
000005a1  __aeabi_memclr                
000005a1  __aeabi_memclr4               
000005a1  __aeabi_memclr8               
000005a3  __aeabi_memset                
000005a3  __aeabi_memset4               
000005a3  __aeabi_memset8               
000005a9  memset                        
0000061b  ADC14_IRQHandler              
0000061b  AES256_IRQHandler             
0000061b  BusFault_Handler              
0000061b  COMP_E0_IRQHandler            
0000061b  COMP_E1_IRQHandler            
0000061b  CS_IRQHandler                 
0000061b  DMA_ERR_IRQHandler            
0000061b  DMA_INT0_IRQHandler           
0000061b  DMA_INT2_IRQHandler           
0000061b  DMA_INT3_IRQHandler           
0000061b  DebugMon_Handler              
0000061b  Default_Handler               
0000061b  EUSCIA0_IRQHandler            
0000061b  EUSCIA1_IRQHandler            
0000061b  EUSCIA2_IRQHandler            
0000061b  EUSCIA3_IRQHandler            
0000061b  EUSCIB0_IRQHandler            
0000061b  EUSCIB1_IRQHandler            
0000061b  EUSCIB2_IRQHandler            
0000061b  EUSCIB3_IRQHandler            
0000061b  FLCTL_IRQHandler              
0000061b  FPU_IRQHandler                
0000061b  HardFault_Handler             
0000061b  MemManage_Handler             
0000061b  NMI_Handler                   
0000061b  PCM_IRQHandler                
0000061b  PORT2_IRQHandler              
0000061b  PORT3_IRQHandler              
0000061b  PORT4_IRQHandler              
0000061b  PORT5_IRQHandler              
0000061b  PORT6_IRQHandler              
0000061b  PSS_IRQHandler                
0000061b  PendSV_Handler                
0000061b  RTC_C_IRQHandler              
0000061b  SVC_Handler                   
0000061b  SysTick_Handler               
0000061b  T32_INT1_IRQHandler           
0000061b  T32_INT2_IRQHandler           
0000061b  T32_INTC_IRQHandler           
0000061b  TA0_0_IRQHandler              
0000061b  TA0_N_IRQHandler              
0000061b  TA1_0_IRQHandler              
0000061b  TA1_N_IRQHandler              
0000061b  TA2_0_IRQHandler              
0000061b  TA2_N_IRQHandler              
0000061b  TA3_0_IRQHandler              
0000061b  TA3_N_IRQHandler              
0000061b  UsageFault_Handler            
0000061b  WDT_A_IRQHandler              
0000061d  SystemInit                    
00000695  PORT1_IRQHandler              
00000695  PORT1_IRQHandler              
000006f5  __TI_auto_init_nobinit_nopinit
00000739  _c_int00_noargs               
00000771  Reset_Handler                 
0000077d  __TI_zero_init                
00000789  _system_pre_init              
0000078d  C$$EXIT                       
0000078d  abort                         
00000790  timerA_PWM                    
000007b0  __TI_Handler_Table_Base       
000007b4  __TI_CINIT_Base               
000007b4  __TI_Handler_Table_Limit      
000007bc  __TI_CINIT_Limit              
20000000  resultsBuffer                 
20007d00  arrayMode                     
20007d04  arraySize                     
20007d08  arrayOffset                   
20007d0a  pingPongCounter               
2000fe00  __stack                       
20010000  __STACK_END                   
4000480c  WDTCTL_SYM                    
ffffffff  __TI_pprof_out_hndl           
ffffffff  __TI_prof_data_size           
ffffffff  __TI_prof_data_start          
ffffffff  __binit__                     
ffffffff  __c_args__                    
ffffffff  binit                         
UNDEFED   __mpu_init                    
UNDEFED   _system_post_cinit            

[94 symbols]
